
  [90;1m.[39;22m[90;1m.[39;22m[90;1m.[39;22m[90;1m.[39;22m[90;1m.[39;22m[90;1m.[39;22m[90;1m.[39;22m[90;1m.[39;22m[90;1m.[39;22m[90;1m.[39;22m[90;1m.[39;22m[90;1m.[39;22m[90;1m.[39;22m[90;1m.[39;22m[90;1m.[39;22m[90;1m.[39;22m[90;1m.[39;22m[90;1m.[39;22m[90;1m.[39;22m[90;1m.[39;22m[90;1m.[39;22m[90;1m.[39;22m[90;1m.[39;22m[90;1m.[39;22m[90;1m.[39;22m[90;1m.[39;22m[90;1m.[39;22m[90;1m.[39;22m[90;1m.[39;22m[90;1m.[39;22m[90;1m.[39;22m[90;1m.[39;22m[90;1m.[39;22m[31;1m⨯[39;22m[31;1m⨯[39;22m[90;1m.[39;22m[90;1m.[39;22m[90;1m.[39;22m[90;1m.[39;22m[90;1m.[39;22m[90;1m.[39;22m[90;1m.[39;22m[90;1m.[39;22m[31;1m⨯[39;22m[90;1m.[39;22m[90;1m.[39;22m[90;1m.[39;22m[90;1m.[39;22m[31;1m⨯[39;22m[90;1m.[39;22m[31;1m⨯[39;22m[31;1m⨯[39;22m[31;1m⨯[39;22m[90;1m.[39;22m[31;1m⨯[39;22m[90;1m.[39;22m[31;1m⨯[39;22m[31;1m⨯[39;22m[90;1m.[39;22m[90;1m.[39;22m[90;1m.[39;22m[90;1m.[39;22m[90;1m.[39;22m[90;1m.[39;22m[90;1m.[39;22m[90;1m.[39;22m[90;1m.[39;22m[90;1m.[39;22m[90;1m.[39;22m[90;1m.[39;22m[31;1m⨯[39;22m[90;1m.[39;22m[90;1m.[39;22m[90;1m.[39;22m[90;1m.[39;22m[90;1m.[39;22m
  [90;1m.[39;22m[90;1m.[39;22m[90;1m.[39;22m[90;1m.[39;22m[90;1m.[39;22m[90;1m.[39;22m[90;1m.[39;22m[90;1m.[39;22m[90;1m.[39;22m[90;1m.[39;22m[90;1m.[39;22m[90;1m.[39;22m[90;1m.[39;22m[90;1m.[39;22m[90;1m.[39;22m[90;1m.[39;22m[90;1m.[39;22m[90;1m.[39;22m[90;1m.[39;22m[90;1m.[39;22m[90;1m.[39;22m[90;1m.[39;22m[90;1m.[39;22m[90;1m.[39;22m[90;1m.[39;22m[90;1m.[39;22m[90;1m.[39;22m[90;1m.[39;22m[90;1m.[39;22m[90;1m.[39;22m[90;1m.[39;22m[90;1m.[39;22m[90;1m.[39;22m[90;1m.[39;22m[90;1m.[39;22m[90;1m.[39;22m[90;1m.[39;22m[90;1m.[39;22m[90;1m.[39;22m[90;1m.[39;22m[90;1m.[39;22m[90;1m.[39;22m[90;1m.[39;22m[90;1m.[39;22m[90;1m.[39;22m[90;1m.[39;22m[90;1m.[39;22m[90;1m.[39;22m[90;1m.[39;22m[90;1m.[39;22m[90;1m.[39;22m[90;1m.[39;22m[90;1m.[39;22m[90;1m.[39;22m[90;1m.[39;22m[90;1m.[39;22m[90;1m.[39;22m[31;1m⨯[39;22m[90;1m.[39;22m[31;1m⨯[39;22m[31;1m⨯[39;22m[90;1m.[39;22m[90;1m.[39;22m[90;1m.[39;22m[90;1m.[39;22m[90;1m.[39;22m[90;1m.[39;22m[90;1m.[39;22m[90;1m.[39;22m[90;1m.[39;22m[90;1m.[39;22m[33;1ms[39;22m[33;1ms[39;22m[90;1m.[39;22m[90;1m.[39;22m[90;1m.[39;22m
  [90;1m.[39;22m[90;1m.[39;22m[31;1m⨯[39;22m[31;1m⨯[39;22m[31;1m⨯[39;22m[90;1m.[39;22m[90;1m.[39;22m[90;1m.[39;22m[31;1m⨯[39;22m[90;1m.[39;22m[90;1m.[39;22m[90;1m.[39;22m[90;1m.[39;22m[31;1m⨯[39;22m[90;1m.[39;22m[90;1m.[39;22m[90;1m.[39;22m[90;1m.[39;22m[90;1m.[39;22m[90;1m.[39;22m[90;1m.[39;22m[31;1m⨯[39;22m[90;1m.[39;22m[90;1m.[39;22m[31;1m⨯[39;22m[31;1m⨯[39;22m[31;1m⨯[39;22m[90;1m.[39;22m[90;1m.[39;22m[90;1m.[39;22m[90;1m.[39;22m[90;1m.[39;22m[90;1m.[39;22m[90;1m.[39;22m[90;1m.[39;22m[31;1m⨯[39;22m[90;1m.[39;22m[90;1m.[39;22m[90;1m.[39;22m[31;1m⨯[39;22m[90;1m.[39;22m[90;1m.[39;22m[90;1m.[39;22m[90;1m.[39;22m[31;1m⨯[39;22m[90;1m.[39;22m[31;1m⨯[39;22m[31;1m⨯[39;22m[90;1m.[39;22m[31;1m⨯[39;22m[31;1m⨯[39;22m[31;1m⨯[39;22m[31;1m⨯[39;22m[31;1m⨯[39;22m
  [31m────────────────────────────────────────────────────────────────────────────[39m  
  [41;1m FAILED [49;22m [1mTests\Feature\IntegrationTest[22m [90m>[39m multi-… [41;1m PrismRateLimitedException [49;22m  
[39;1m  You hit a provider rate limit. Details: [][39;22m

  at [32mvendor/prism-php/prism/src/Exceptions/PrismRateLimitedException.php[39m:[32m34[39m
     30▕      * @param  ProviderRateLimit[]  $rateLimits
     31▕      */
     32▕     public static function make(array $rateLimits = [], ?int $retryAfter = null): self
     33▕     {
  ➜  34▕         return new self(rateLimits: $rateLimits, retryAfter: $retryAfter);
     35▕     }
     36▕ }
     37▕

      [2m+4 vendor frames [22m
  [33m5   [39m[39;1mapp/Jobs/GenerateChatTitle.php[39;22m:[39;1m36[39;22m
      [2m+22 vendor frames [22m
  [33m28  [39m[39;1mapp/Http/Controllers/ChatController.php[39;22m:[39;1m260[39;22m

  [31m────────────────────────────────────────────────────────────────────────────[39m  
  [41;1m FAILED [49;22m [1mTests\Feature\IntegrationTest[22m [90m>[39m social authentica… [41;1m QueryException [49;22m  
[39;1m  SQLSTATE[23000]: Integrity constraint violation: 19 NOT NULL constraint failed: social_identities.provider_name (Connection: sqlite, SQL: insert into "social_identities" ("user_id", "provider_id", "updated_at", "created_at") values (1, 123456, 2025-12-22 15:53:30, 2025-12-22 15:53:30))[39;22m

  at [32mvendor/laravel/framework/src/Illuminate/Database/Connection.php[39m:[32m570[39m
    566▕             $this->bindValues($statement, $this->prepareBindings($bindings));
    567▕ 
    568▕             $this->recordsHaveBeenModified();
    569▕ 
  ➜ 570▕             return $statement->execute();
    571▕         });
    572▕     }
    573▕ 
    574▕     /**

      [2m+17 vendor frames [22m
  [33m18  [39m[39;1mtests/Feature/IntegrationTest.php[39;22m:[39;1m413[39;22m

  [31m────────────────────────────────────────────────────────────────────────────[39m  
  [41;1m FAILED [49;22m [1mTests\Feature\IntegrationTest[22m [90m>[39m comple… [41;1m PrismRateLimitedException [49;22m  
[39;1m  You hit a provider rate limit. Details: [][39;22m

  at [32mvendor/prism-php/prism/src/Exceptions/PrismRateLimitedException.php[39m:[32m34[39m
     30▕      * @param  ProviderRateLimit[]  $rateLimits
     31▕      */
     32▕     public static function make(array $rateLimits = [], ?int $retryAfter = null): self
     33▕     {
  ➜  34▕         return new self(rateLimits: $rateLimits, retryAfter: $retryAfter);
     35▕     }
     36▕ }
     37▕

      [2m+4 vendor frames [22m
  [33m5   [39m[39;1mapp/Jobs/GenerateChatTitle.php[39;22m:[39;1m36[39;22m
      [2m+22 vendor frames [22m
  [33m28  [39m[39;1mapp/Http/Controllers/ChatController.php[39;22m:[39;1m260[39;22m

  [31m────────────────────────────────────────────────────────────────────────────[39m  
  [41;1m FAILED [49;22m [1mTests\Feature\ConcurrencyTest[22m [90m>[39m concurrent chat creation d… [41;1m Error [49;22m  
[39;1m  Call to undefined method Symfony\Component\HttpFoundation\StreamedResponse::status()[39;22m

  at [32mtests/Feature/ConcurrencyTest.php[39m:[32m45[39m
     41▕ 
     42▕     /**
     43▕      * Count successful responses
     44▕      */
  ➜  45▕     $successCount = collect($responses)->filter(fn ($r) => $r->status() === 200)->count();
     46▕     $rateLimitedCount = collect($responses)->filter(fn ($r) => $r->status() === 429)->count();
     47▕ 
     48▕     /**
     49▕      * Some should succeed within rate limit

      [2m+2 vendor frames [22m
  [33m3   [39m[39;1mtests/Feature/ConcurrencyTest.php[39;22m:[39;1m45[39;22m

  [31m────────────────────────────────────────────────────────────────────────────[39m  
  [41;1m FAILED [49;22m [1mTests\Feature\ConcurrencyTest[22m [90m>[39m concurrent requests correc… [41;1m Error [49;22m  
[39;1m  Call to undefined method Symfony\Component\HttpFoundation\StreamedResponse::status()[39;22m

  at [32mtests/Feature/ConcurrencyTest.php[39m:[32m131[39m
    127▕ 
    128▕     /**
    129▕      * Count successful responses
    130▕      */
  ➜ 131▕     $successCount = collect($responses)->filter(fn ($r) => $r->status() === 200)->count();
    132▕ 
    133▕     /**
    134▕      * Verify usage records match successful requests
    135▕      */

      [2m+2 vendor frames [22m
  [33m3   [39m[39;1mtests/Feature/ConcurrencyTest.php[39;22m:[39;1m131[39;22m

  [31m────────────────────────────────────────────────────────────────────────────[39m  
  [41;1m FAILED [49;22m [1mTests\Feature\ConcurrencyTest[22m [90m>[39m concurrent quota checks pr… [41;1m Error [49;22m  
[39;1m  Call to undefined method Symfony\Component\HttpFoundation\StreamedResponse::status()[39;22m

  at [32mtests/Feature/ConcurrencyTest.php[39m:[32m173[39m
    169▕ 
    170▕     /**
    171▕      * Count successful and blocked responses
    172▕      */
  ➜ 173▕     $successCount = collect($responses)->filter(fn ($r) => $r->status() === 200)->count();
    174▕     $blockedCount = collect($responses)->filter(fn ($r) => $r->status() === 403)->count();
    175▕ 
    176▕     /**
    177▕      * Should not exceed daily limit

      [2m+2 vendor frames [22m
  [33m3   [39m[39;1mtests/Feature/ConcurrencyTest.php[39;22m:[39;1m173[39;22m

  [31m────────────────────────────────────────────────────────────────────────────[39m  
  [41;1m FAILED [49;22m [1mTests\Feature\ConcurrencyTest[22m [90m>[39m multiple users can create…  [41;1m Error [49;22m  
[39;1m  Call to undefined method Symfony\Component\HttpFoundation\StreamedResponse::status()[39;22m

  at [32mtests/Feature/ConcurrencyTest.php[39m:[32m299[39m
    295▕ 
    296▕     /**
    297▕      * All should succeed (no interference between users)
    298▕      */
  ➜ 299▕     $successCount = collect($responses)->filter(fn ($r) => $r->status() === 200)->count();
    300▕     expect($successCount)->toBe(count($users));
    301▕ 
    302▕     /**
    303▕      * Each user should have exactly 1 chat

      [2m+2 vendor frames [22m
  [33m3   [39m[39;1mtests/Feature/ConcurrencyTest.php[39;22m:[39;1m299[39;22m

  [31m────────────────────────────────────────────────────────────────────────────[39m  
  [41;1m FAILED [49;22m [1mTests\Feature\ConcurrencyTest[22m [90m>[39m concurrent search… [41;1m ErrorException [49;22m  
[39;1m  Undefined array key "chats"[39;22m

  at [32mtests/Feature/ConcurrencyTest.php[39m:[32m372[39m
    368▕      */
    369▕     $results1 = $response1->json();
    370▕     $results2 = $response2->json();
    371▕ 
  ➜ 372▕     expect($results1['chats'])->toHaveCount(1);
    373▕     expect($results2['chats'])->toHaveCount(1);
    374▕ 
    375▕     expect($results1['chats'][0]['title'])->toBe('User1 Laravel');
    376▕     expect($results2['chats'][0]['title'])->toBe('User2 Laravel');

  [31m────────────────────────────────────────────────────────────────────────────[39m  
  [41;1m FAILED [49;22m [1mTests\Feature\SecurityTest[22m [90m>[39m chat prom… [41;1m PrismRateLimitedException [49;22m  
[39;1m  You hit a provider rate limit. Details: [][39;22m

  at [32mvendor/prism-php/prism/src/Exceptions/PrismRateLimitedException.php[39m:[32m34[39m
     30▕      * @param  ProviderRateLimit[]  $rateLimits
     31▕      */
     32▕     public static function make(array $rateLimits = [], ?int $retryAfter = null): self
     33▕     {
  ➜  34▕         return new self(rateLimits: $rateLimits, retryAfter: $retryAfter);
     35▕     }
     36▕ }
     37▕

      [2m+4 vendor frames [22m
  [33m5   [39m[39;1mapp/Jobs/GenerateChatTitle.php[39;22m:[39;1m36[39;22m
      [2m+22 vendor frames [22m
  [33m28  [39m[39;1mapp/Http/Controllers/ChatController.php[39;22m:[39;1m260[39;22m

  [31m────────────────────────────────────────────────────────────────────────────[39m  
  [41;1m FAILED [49;22m [1mTests\Feature\SecurityTest[22m [90m>[39m search query sanitiz… [41;1m ErrorException [49;22m  
[39;1m  Undefined array key "chats"[39;22m

  at [32mtests/Feature/SecurityTest.php[39m:[32m74[39m
     70▕ 
     71▕     /**
     72▕      * Should return 0 results because no titles contain literal "%"
     73▕      */
  ➜  74▕     expect($results['chats'])->toHaveCount(0);
     75▕ });
     76▕ 
     77▕ test('search query sanitizes underscore wildcard', function () {
     78▕     $user = User::factory()->create();

  [31m────────────────────────────────────────────────────────────────────────────[39m  
  [41;1m FAILED [49;22m [1mTests\Feature\SecurityTest[22m [90m>[39m search query sanitiz… [41;1m ErrorException [49;22m  
[39;1m  Undefined array key "chats"[39;22m

  at [32mtests/Feature/SecurityTest.php[39m:[32m92[39m
     88▕ 
     89▕     /**
     90▕      * Should return 0 because no content has literal "P_P"
     91▕      */
  ➜  92▕     expect($results['chats'])->toHaveCount(0);
     93▕ });
     94▕ 
     95▕ /*
     96▕ |--------------------------------------------------------------------------

  [31m────────────────────────────────────────────────────────────────────────────[39m  
  [41;1m FAILED [49;22m [1mTests\Feature\ChatModelSelectionTest[22m [90m>[39m… [41;1m PrismRateLimitedException [49;22m  
[39;1m  You hit a provider rate limit. Details: [][39;22m

  at [32mvendor/prism-php/prism/src/Exceptions/PrismRateLimitedException.php[39m:[32m34[39m
     30▕      * @param  ProviderRateLimit[]  $rateLimits
     31▕      */
     32▕     public static function make(array $rateLimits = [], ?int $retryAfter = null): self
     33▕     {
  ➜  34▕         return new self(rateLimits: $rateLimits, retryAfter: $retryAfter);
     35▕     }
     36▕ }
     37▕

      [2m+4 vendor frames [22m
  [33m5   [39m[39;1mapp/Jobs/GenerateChatTitle.php[39;22m:[39;1m36[39;22m
      [2m+22 vendor frames [22m
  [33m28  [39m[39;1mapp/Http/Controllers/ChatController.php[39;22m:[39;1m260[39;22m

  [31m────────────────────────────────────────────────────────────────────────────[39m  
  [41;1m FAILED [49;22m [1mTests\Feature\ChatRequestValidationTest[22m [90m>[39m chat request validates…    
[39;1m  Expected response status code [422] but received 403.
Failed asserting that 403 is identical to 422.[39;22m

  at [32mtests/Feature/ChatRequestValidationTest.php[39m:[32m74[39m
     70▕         'chat_id' => 99999, // Non-existent
     71▕         'model' => 'gemini-2.5-flash-lite',
     72▕     ]);
     73▕ 
  ➜  74▕     $response->assertStatus(422);
     75▕     $response->assertJsonValidationErrors(['chat_id']);
     76▕ });
     77▕ 
     78▕ test('chat request accepts valid chat_id', function () {

  [31m────────────────────────────────────────────────────────────────────────────[39m  
  [41;1m FAILED [49;22m [1mTests\Feature\ChatRequestValidationTest[22m [90m>[39m chat request validates…    
[39;1m  Expected response status code [200] but received 500.
Failed asserting that 500 is identical to 200.

The following exception occurred during the last request:

InvalidArgumentException: /tmp/php2jtu4040u35efFEifCO is empty in /home/shure/Documents/cassette/web/webai/vendor/prism-php/prism/src/ValueObjects/Media/Media.php:58
Stack trace:
#0 /home/shure/Documents/cassette/web/webai/app/Http/Controllers/ChatController.php(110): Prism\Prism\ValueObjects\Media\Media::fromLocalPath('/tmp/php2jtu404...', 'image/jpeg')
#1 /home/shure/Documents/cassette/web/webai/vendor/laravel/framework/src/Illuminate/Routing/ControllerDispatcher.php(46): App\Http\Controllers\ChatController->stream(Object(App\Http\Requests\ChatRequest))
#2 /home/shure/Documents/cassette/web/webai/vendor/laravel/framework/src/Illuminate/Routing/Route.php(265): Illuminate\Routing\ControllerDispatcher->dispatch(Object(Illuminate\Routing\Route), Object(App\Http\Controllers\ChatController), 'stream')
#3 /home/shure/Documents/cassette/web/webai/vendor/laravel/framework/src/Illuminate/Routing/Route.php(211): Illuminate\Routing\Route->runController()
#4 /home/shure/Documents/cassette/web/webai/vendor/laravel/framework/src/Illuminate/Routing/Router.php(822): Illuminate\Routing\Route->run()
#5 /home/shure/Documents/cassette/web/webai/vendor/laravel/framework/src/Illuminate/Pipeline/Pipeline.php(180): Illuminate\Routing\Router->{closure:Illuminate\Routing\Router::runRouteWithinStack():821}(Object(Illuminate\Http\Request))
#6 /home/shure/Documents/cassette/web/webai/vendor/laravel/framework/src/Illuminate/Auth/Middleware/EnsureEmailIsVerified.php(41): Illuminate\Pipeline\Pipeline->{closure:Illuminate\Pipeline\Pipeline::prepareDestination():178}(Object(Illuminate\Http\Request))
#7 /home/shure/Documents/cassette/web/webai/vendor/laravel/framework/src/Illuminate/Pipeline/Pipeline.php(219): Illuminate\Auth\Middleware\EnsureEmailIsVerified->handle(Object(Illuminate\Http\Request), Object(Closure))
#8 /home/shure/Documents/cassette/web/webai/vendor/laravel/framework/src/Illuminate/Http/Middleware/AddLinkHeadersForPreloadedAssets.php(32): Illuminate\Pipeline\Pipeline->{closure:{closure:Illuminate\Pipeline\Pipeline::carry():194}:195}(Object(Illuminate\Http\Request))
#9 /home/shure/Documents/cassette/web/webai/vendor/laravel/framework/src/Illuminate/Pipeline/Pipeline.php(219): Illuminate\Http\Middleware\AddLinkHeadersForPreloadedAssets->handle(Object(Illuminate\Http\Request), Object(Closure))
#10 /home/shure/Documents/cassette/web/webai/vendor/inertiajs/inertia-laravel/src/Middleware.php(122): Illuminate\Pipeline\Pipeline->{closure:{closure:Illuminate\Pipeline\Pipeline::carry():194}:195}(Object(Illuminate\Http\Request))
#11 /home/shure/Documents/cassette/web/webai/vendor/laravel/framework/src/Illuminate/Pipeline/Pipeline.php(219): Inertia\Middleware->handle(Object(Illuminate\Http\Request), Object(Closure))
#12 /home/shure/Documents/cassette/web/webai/app/Http/Middleware/HandleAppearance.php(21): Illuminate\Pipeline\Pipeline->{closure:{closure:Illuminate\Pipeline\Pipeline::carry():194}:195}(Object(Illuminate\Http\Request))
#13 /home/shure/Documents/cassette/web/webai/vendor/laravel/framework/src/Illuminate/Pipeline/Pipeline.php(219): App\Http\Middleware\HandleAppearance->handle(Object(Illuminate\Http\Request), Object(Closure))
#14 /home/shure/Documents/cassette/web/webai/vendor/laravel/framework/src/Illuminate/Routing/Middleware/SubstituteBindings.php(50): Illuminate\Pipeline\Pipeline->{closure:{closure:Illuminate\Pipeline\Pipeline::carry():194}:195}(Object(Illuminate\Http\Request))
#15 /home/shure/Documents/cassette/web/webai/vendor/laravel/framework/src/Illuminate/Pipeline/Pipeline.php(219): Illuminate\Routing\Middleware\SubstituteBindings->handle(Object(Illuminate\Http\Request), Object(Closure))
#16 /home/shure/Documents/cassette/web/webai/vendor/laravel/framework/src/Illuminate/Routing/Middleware/ThrottleRequests.php(166): Illuminate\Pipeline\Pipeline->{closure:{closure:Illuminate\Pipeline\Pipeline::carry():194}:195}(Object(Illuminate\Http\Request))
#17 /home/shure/Documents/cassette/web/webai/vendor/laravel/framework/src/Illuminate/Routing/Middleware/ThrottleRequests.php(129): Illuminate\Routing\Middleware\ThrottleRequests->handleRequest(Object(Illuminate\Http\Request), Object(Closure), Array)
#18 /home/shure/Documents/cassette/web/webai/vendor/laravel/framework/src/Illuminate/Routing/Middleware/ThrottleRequests.php(90): Illuminate\Routing\Middleware\ThrottleRequests->handleRequestUsingNamedLimiter(Object(Illuminate\Http\Request), Object(Closure), 'chat-messages', Object(Closure))
#19 /home/shure/Documents/cassette/web/webai/vendor/laravel/framework/src/Illuminate/Pipeline/Pipeline.php(219): Illuminate\Routing\Middleware\ThrottleRequests->handle(Object(Illuminate\Http\Request), Object(Closure), 'chat-messages')
#20 /home/shure/Documents/cassette/web/webai/vendor/laravel/framework/src/Illuminate/Auth/Middleware/Authenticate.php(63): Illuminate\Pipeline\Pipeline->{closure:{closure:Illuminate\Pipeline\Pipeline::carry():194}:195}(Object(Illuminate\Http\Request))
#21 /home/shure/Documents/cassette/web/webai/vendor/laravel/framework/src/Illuminate/Pipeline/Pipeline.php(219): Illuminate\Auth\Middleware\Authenticate->handle(Object(Illuminate\Http\Request), Object(Closure))
#22 /home/shure/Documents/cassette/web/webai/vendor/laravel/framework/src/Illuminate/Foundation/Http/Middleware/VerifyCsrfToken.php(87): Illuminate\Pipeline\Pipeline->{closure:{closure:Illuminate\Pipeline\Pipeline::carry():194}:195}(Object(Illuminate\Http\Request))
#23 /home/shure/Documents/cassette/web/webai/vendor/laravel/framework/src/Illuminate/Pipeline/Pipeline.php(219): Illuminate\Foundation\Http\Middleware\VerifyCsrfToken->handle(Object(Illuminate\Http\Request), Object(Closure))
#24 /home/shure/Documents/cassette/web/webai/vendor/laravel/framework/src/Illuminate/View/Middleware/ShareErrorsFromSession.php(48): Illuminate\Pipeline\Pipeline->{closure:{closure:Illuminate\Pipeline\Pipeline::carry():194}:195}(Object(Illuminate\Http\Request))
#25 /home/shure/Documents/cassette/web/webai/vendor/laravel/framework/src/Illuminate/Pipeline/Pipeline.php(219): Illuminate\View\Middleware\ShareErrorsFromSession->handle(Object(Illuminate\Http\Request), Object(Closure))
#26 /home/shure/Documents/cassette/web/webai/vendor/laravel/framework/src/Illuminate/Session/Middleware/StartSession.php(120): Illuminate\Pipeline\Pipeline->{closure:{closure:Illuminate\Pipeline\Pipeline::carry():194}:195}(Object(Illuminate\Http\Request))
#27 /home/shure/Documents/cassette/web/webai/vendor/laravel/framework/src/Illuminate/Session/Middleware/StartSession.php(63): Illuminate\Session\Middleware\StartSession->handleStatefulRequest(Object(Illuminate\Http\Request), Object(Illuminate\Session\Store), Object(Closure))
#28 /home/shure/Documents/cassette/web/webai/vendor/laravel/framework/src/Illuminate/Pipeline/Pipeline.php(219): Illuminate\Session\Middleware\StartSession->handle(Object(Illuminate\Http\Request), Object(Closure))
#29 /home/shure/Documents/cassette/web/webai/vendor/laravel/framework/src/Illuminate/Cookie/Middleware/AddQueuedCookiesToResponse.php(36): Illuminate\Pipeline\Pipeline->{closure:{closure:Illuminate\Pipeline\Pipeline::carry():194}:195}(Object(Illuminate\Http\Request))
#30 /home/shure/Documents/cassette/web/webai/vendor/laravel/framework/src/Illuminate/Pipeline/Pipeline.php(219): Illuminate\Cookie\Middleware\AddQueuedCookiesToResponse->handle(Object(Illuminate\Http\Request), Object(Closure))
#31 /home/shure/Documents/cassette/web/webai/vendor/laravel/framework/src/Illuminate/Cookie/Middleware/EncryptCookies.php(74): Illuminate\Pipeline\Pipeline->{closure:{closure:Illuminate\Pipeline\Pipeline::carry():194}:195}(Object(Illuminate\Http\Request))
#32 /home/shure/Documents/cassette/web/webai/vendor/laravel/framework/src/Illuminate/Pipeline/Pipeline.php(219): Illuminate\Cookie\Middleware\EncryptCookies->handle(Object(Illuminate\Http\Request), Object(Closure))
#33 /home/shure/Documents/cassette/web/webai/vendor/laravel/framework/src/Illuminate/Pipeline/Pipeline.php(137): Illuminate\Pipeline\Pipeline->{closure:{closure:Illuminate\Pipeline\Pipeline::carry():194}:195}(Object(Illuminate\Http\Request))
#34 /home/shure/Documents/cassette/web/webai/vendor/laravel/framework/src/Illuminate/Routing/Router.php(821): Illuminate\Pipeline\Pipeline->then(Object(Closure))
#35 /home/shure/Documents/cassette/web/webai/vendor/laravel/framework/src/Illuminate/Routing/Router.php(800): Illuminate\Routing\Router->runRouteWithinStack(Object(Illuminate\Routing\Route), Object(Illuminate\Http\Request))
#36 /home/shure/Documents/cassette/web/webai/vendor/laravel/framework/src/Illuminate/Routing/Router.php(764): Illuminate\Routing\Router->runRoute(Object(Illuminate\Http\Request), Object(Illuminate\Routing\Route))
#37 /home/shure/Documents/cassette/web/webai/vendor/laravel/framework/src/Illuminate/Routing/Router.php(753): Illuminate\Routing\Router->dispatchToRoute(Object(Illuminate\Http\Request))
#38 /home/shure/Documents/cassette/web/webai/vendor/laravel/framework/src/Illuminate/Foundation/Http/Kernel.php(200): Illuminate\Routing\Router->dispatch(Object(Illuminate\Http\Request))
#39 /home/shure/Documents/cassette/web/webai/vendor/laravel/framework/src/Illuminate/Pipeline/Pipeline.php(180): Illuminate\Foundation\Http\Kernel->{closure:Illuminate\Foundation\Http\Kernel::dispatchToRouter():197}(Object(Illuminate\Http\Request))
#40 /home/shure/Documents/cassette/web/webai/vendor/livewire/livewire/src/Features/SupportDisablingBackButtonCache/DisableBackButtonCacheMiddleware.php(19): Illuminate\Pipeline\Pipeline->{closure:Illuminate\Pipeline\Pipeline::prepareDestination():178}(Object(Illuminate\Http\Request))
#41 /home/shure/Documents/cassette/web/webai/vendor/laravel/framework/src/Illuminate/Pipeline/Pipeline.php(219): Livewire\Features\SupportDisablingBackButtonCache\DisableBackButtonCacheMiddleware->handle(Object(Illuminate\Http\Request), Object(Closure))
#42 /home/shure/Documents/cassette/web/webai/vendor/laravel/framework/src/Illuminate/Foundation/Http/Middleware/TransformsRequest.php(21): Illuminate\Pipeline\Pipeline->{closure:{closure:Illuminate\Pipeline\Pipeline::carry():194}:195}(Object(Illuminate\Http\Request))
#43 /home/shure/Documents/cassette/web/webai/vendor/laravel/framework/src/Illuminate/Foundation/Http/Middleware/ConvertEmptyStringsToNull.php(31): Illuminate\Foundation\Http\Middleware\TransformsRequest->handle(Object(Illuminate\Http\Request), Object(Closure))
#44 /home/shure/Documents/cassette/web/webai/vendor/laravel/framework/src/Illuminate/Pipeline/Pipeline.php(219): Illuminate\Foundation\Http\Middleware\ConvertEmptyStringsToNull->handle(Object(Illuminate\Http\Request), Object(Closure))
#45 /home/shure/Documents/cassette/web/webai/vendor/laravel/framework/src/Illuminate/Foundation/Http/Middleware/TransformsRequest.php(21): Illuminate\Pipeline\Pipeline->{closure:{closure:Illuminate\Pipeline\Pipeline::carry():194}:195}(Object(Illuminate\Http\Request))
#46 /home/shure/Documents/cassette/web/webai/vendor/laravel/framework/src/Illuminate/Foundation/Http/Middleware/TrimStrings.php(51): Illuminate\Foundation\Http\Middleware\TransformsRequest->handle(Object(Illuminate\Http\Request), Object(Closure))
#47 /home/shure/Documents/cassette/web/webai/vendor/laravel/framework/src/Illuminate/Pipeline/Pipeline.php(219): Illuminate\Foundation\Http\Middleware\TrimStrings->handle(Object(Illuminate\Http\Request), Object(Closure))
#48 /home/shure/Documents/cassette/web/webai/vendor/laravel/framework/src/Illuminate/Http/Middleware/ValidatePostSize.php(27): Illuminate\Pipeline\Pipeline->{closure:{closure:Illuminate\Pipeline\Pipeline::carry():194}:195}(Object(Illuminate\Http\Request))
#49 /home/shure/Documents/cassette/web/webai/vendor/laravel/framework/src/Illuminate/Pipeline/Pipeline.php(219): Illuminate\Http\Middleware\ValidatePostSize->handle(Object(Illuminate\Http\Request), Object(Closure))
#50 /home/shure/Documents/cassette/web/webai/vendor/laravel/framework/src/Illuminate/Foundation/Http/Middleware/PreventRequestsDuringMaintenance.php(109): Illuminate\Pipeline\Pipeline->{closure:{closure:Illuminate\Pipeline\Pipeline::carry():194}:195}(Object(Illuminate\Http\Request))
#51 /home/shure/Documents/cassette/web/webai/vendor/laravel/framework/src/Illuminate/Pipeline/Pipeline.php(219): Illuminate\Foundation\Http\Middleware\PreventRequestsDuringMaintenance->handle(Object(Illuminate\Http\Request), Object(Closure))
#52 /home/shure/Documents/cassette/web/webai/vendor/laravel/framework/src/Illuminate/Http/Middleware/HandleCors.php(48): Illuminate\Pipeline\Pipeline->{closure:{closure:Illuminate\Pipeline\Pipeline::carry():194}:195}(Object(Illuminate\Http\Request))
#53 /home/shure/Documents/cassette/web/webai/vendor/laravel/framework/src/Illuminate/Pipeline/Pipeline.php(219): Illuminate\Http\Middleware\HandleCors->handle(Object(Illuminate\Http\Request), Object(Closure))
#54 /home/shure/Documents/cassette/web/webai/vendor/laravel/framework/src/Illuminate/Http/Middleware/TrustProxies.php(58): Illuminate\Pipeline\Pipeline->{closure:{closure:Illuminate\Pipeline\Pipeline::carry():194}:195}(Object(Illuminate\Http\Request))
#55 /home/shure/Documents/cassette/web/webai/vendor/laravel/framework/src/Illuminate/Pipeline/Pipeline.php(219): Illuminate\Http\Middleware\TrustProxies->handle(Object(Illuminate\Http\Request), Object(Closure))
#56 /home/shure/Documents/cassette/web/webai/vendor/laravel/framework/src/Illuminate/Foundation/Http/Middleware/InvokeDeferredCallbacks.php(22): Illuminate\Pipeline\Pipeline->{closure:{closure:Illuminate\Pipeline\Pipeline::carry():194}:195}(Object(Illuminate\Http\Request))
#57 /home/shure/Documents/cassette/web/webai/vendor/laravel/framework/src/Illuminate/Pipeline/Pipeline.php(219): Illuminate\Foundation\Http\Middleware\InvokeDeferredCallbacks->handle(Object(Illuminate\Http\Request), Object(Closure))
#58 /home/shure/Documents/cassette/web/webai/vendor/laravel/framework/src/Illuminate/Http/Middleware/ValidatePathEncoding.php(26): Illuminate\Pipeline\Pipeline->{closure:{closure:Illuminate\Pipeline\Pipeline::carry():194}:195}(Object(Illuminate\Http\Request))
#59 /home/shure/Documents/cassette/web/webai/vendor/laravel/framework/src/Illuminate/Pipeline/Pipeline.php(219): Illuminate\Http\Middleware\ValidatePathEncoding->handle(Object(Illuminate\Http\Request), Object(Closure))
#60 /home/shure/Documents/cassette/web/webai/vendor/laravel/framework/src/Illuminate/Pipeline/Pipeline.php(137): Illuminate\Pipeline\Pipeline->{closure:{closure:Illuminate\Pipeline\Pipeline::carry():194}:195}(Object(Illuminate\Http\Request))
#61 /home/shure/Documents/cassette/web/webai/vendor/laravel/framework/src/Illuminate/Foundation/Http/Kernel.php(175): Illuminate\Pipeline\Pipeline->then(Object(Closure))
#62 /home/shure/Documents/cassette/web/webai/vendor/laravel/framework/src/Illuminate/Foundation/Http/Kernel.php(144): Illuminate\Foundation\Http\Kernel->sendRequestThroughRouter(Object(Illuminate\Http\Request))
#63 /home/shure/Documents/cassette/web/webai/vendor/laravel/framework/src/Illuminate/Foundation/Testing/Concerns/MakesHttpRequests.php(607): Illuminate\Foundation\Http\Kernel->handle(Object(Illuminate\Http\Request))
#64 /home/shure/Documents/cassette/web/webai/vendor/laravel/framework/src/Illuminate/Foundation/Testing/Concerns/MakesHttpRequests.php(573): Illuminate\Foundation\Testing\TestCase->call('POST', '/chat/stream', Array, Array, Array, Array, '{"prompt":"Anal...')
#65 /home/shure/Documents/cassette/web/webai/vendor/laravel/framework/src/Illuminate/Foundation/Testing/Concerns/MakesHttpRequests.php(411): Illuminate\Foundation\Testing\TestCase->json('POST', '/chat/stream', Array, Array, 0)
#66 /home/shure/Documents/cassette/web/webai/tests/Feature/ChatRequestValidationTest.php(103): Illuminate\Foundation\Testing\TestCase->postJson('/chat/stream', Array)
#67 /home/shure/Documents/cassette/web/webai/vendor/pestphp/pest/src/Factories/TestCaseMethodFactory.php(168): P\Tests\Feature\ChatRequestValidationTest->{closure:/home/shure/Documents/cassette/web/webai/tests/Feature/ChatRequestValidationTest.php:100}('jpg', 'image/jpeg', true)
#68 [internal function]: P\Tests\Feature\ChatRequestValidationTest->{closure:Pest\Factories\TestCaseMethodFactory::getClosure():158}('jpg', 'image/jpeg', true)
#69 /home/shure/Documents/cassette/web/webai/vendor/pestphp/pest/src/Concerns/Testable.php(429): call_user_func_array(Object(Closure), Array)
#70 /home/shure/Documents/cassette/web/webai/vendor/pestphp/pest/src/Support/ExceptionTrace.php(26): P\Tests\Feature\ChatRequestValidationTest->{closure:Pest\Concerns\Testable::__callClosure():429}()
#71 /home/shure/Documents/cassette/web/webai/vendor/pestphp/pest/src/Concerns/Testable.php(429): Pest\Support\ExceptionTrace::ensure(Object(Closure))
#72 /home/shure/Documents/cassette/web/webai/vendor/pestphp/pest/src/Concerns/Testable.php(331): P\Tests\Feature\ChatRequestValidationTest->__callClosure(Object(Closure), Array)
#73 /home/shure/Documents/cassette/web/webai/vendor/pestphp/pest/src/Factories/TestCaseFactory.php(169) : eval()'d code(87): P\Tests\Feature\ChatRequestValidationTest->__runTest(Object(Closure), 'jpg', 'image/jpeg', true)
#74 /home/shure/Documents/cassette/web/webai/vendor/phpunit/phpunit/src/Framework/TestCase.php(1326): P\Tests\Feature\ChatRequestValidationTest->__pest_evaluable_chat_request_validates_file_mime_types('jpg', 'image/jpeg', true)
#75 /home/shure/Documents/cassette/web/webai/vendor/phpunit/phpunit/src/Framework/TestCase.php(519): PHPUnit\Framework\TestCase->runTest()
#76 /home/shure/Documents/cassette/web/webai/vendor/phpunit/phpunit/src/Framework/TestRunner/TestRunner.php(99): PHPUnit\Framework\TestCase->runBare()
#77 /home/shure/Documents/cassette/web/webai/vendor/phpunit/phpunit/src/Framework/TestCase.php(359): PHPUnit\Framework\TestRunner->run(Object(P\Tests\Feature\ChatRequestValidationTest))
#78 /home/shure/Documents/cassette/web/webai/vendor/phpunit/phpunit/src/Framework/TestSuite.php(374): PHPUnit\Framework\TestCase->run()
#79 /home/shure/Documents/cassette/web/webai/vendor/phpunit/phpunit/src/Framework/TestSuite.php(374): PHPUnit\Framework\TestSuite->run()
#80 /home/shure/Documents/cassette/web/webai/vendor/brianium/paratest/src/WrapperRunner/ApplicationForWrapperWorker.php(119): PHPUnit\Framework\TestSuite->run()
#81 /home/shure/Documents/cassette/web/webai/vendor/pestphp/pest/bin/worker.php(105): ParaTest\WrapperRunner\ApplicationForWrapperWorker->runTest('/home/shure/Doc...')
#82 /home/shure/Documents/cassette/web/webai/vendor/pestphp/pest/bin/worker.php(110): {closure:/home/shure/Documents/cassette/web/webai/vendor/pestphp/pest/bin/worker.php:30}()
#83 {main}

----------------------------------------------------------------------------------

/tmp/php2jtu4040u35efFEifCO is empty[39;22m

  at [32mtests/Feature/ChatRequestValidationTest.php[39m:[32m109[39m
    105▕         'files' => [$file],
    106▕     ]);
    107▕ 
    108▕     if ($shouldPass) {
  ➜ 109▕         $response->assertOk();
    110▕     } else {
    111▕         $response->assertStatus(422);
    112▕         $response->assertJsonValidationErrors(['files.0']);
    113▕     }

  [31m────────────────────────────────────────────────────────────────────────────[39m  
  [41;1m FAILED [49;22m [1mTests\Feature\ChatRequestValidationTest[22m [90m>[39m chat request validates…    
[39;1m  Expected response status code [200] but received 500.
Failed asserting that 500 is identical to 200.

The following exception occurred during the last request:

InvalidArgumentException: /tmp/phpocv9rkibc1iifLApGbb is empty in /home/shure/Documents/cassette/web/webai/vendor/prism-php/prism/src/ValueObjects/Media/Media.php:58
Stack trace:
#0 /home/shure/Documents/cassette/web/webai/app/Http/Controllers/ChatController.php(110): Prism\Prism\ValueObjects\Media\Media::fromLocalPath('/tmp/phpocv9rki...', 'image/png')
#1 /home/shure/Documents/cassette/web/webai/vendor/laravel/framework/src/Illuminate/Routing/ControllerDispatcher.php(46): App\Http\Controllers\ChatController->stream(Object(App\Http\Requests\ChatRequest))
#2 /home/shure/Documents/cassette/web/webai/vendor/laravel/framework/src/Illuminate/Routing/Route.php(265): Illuminate\Routing\ControllerDispatcher->dispatch(Object(Illuminate\Routing\Route), Object(App\Http\Controllers\ChatController), 'stream')
#3 /home/shure/Documents/cassette/web/webai/vendor/laravel/framework/src/Illuminate/Routing/Route.php(211): Illuminate\Routing\Route->runController()
#4 /home/shure/Documents/cassette/web/webai/vendor/laravel/framework/src/Illuminate/Routing/Router.php(822): Illuminate\Routing\Route->run()
#5 /home/shure/Documents/cassette/web/webai/vendor/laravel/framework/src/Illuminate/Pipeline/Pipeline.php(180): Illuminate\Routing\Router->{closure:Illuminate\Routing\Router::runRouteWithinStack():821}(Object(Illuminate\Http\Request))
#6 /home/shure/Documents/cassette/web/webai/vendor/laravel/framework/src/Illuminate/Auth/Middleware/EnsureEmailIsVerified.php(41): Illuminate\Pipeline\Pipeline->{closure:Illuminate\Pipeline\Pipeline::prepareDestination():178}(Object(Illuminate\Http\Request))
#7 /home/shure/Documents/cassette/web/webai/vendor/laravel/framework/src/Illuminate/Pipeline/Pipeline.php(219): Illuminate\Auth\Middleware\EnsureEmailIsVerified->handle(Object(Illuminate\Http\Request), Object(Closure))
#8 /home/shure/Documents/cassette/web/webai/vendor/laravel/framework/src/Illuminate/Http/Middleware/AddLinkHeadersForPreloadedAssets.php(32): Illuminate\Pipeline\Pipeline->{closure:{closure:Illuminate\Pipeline\Pipeline::carry():194}:195}(Object(Illuminate\Http\Request))
#9 /home/shure/Documents/cassette/web/webai/vendor/laravel/framework/src/Illuminate/Pipeline/Pipeline.php(219): Illuminate\Http\Middleware\AddLinkHeadersForPreloadedAssets->handle(Object(Illuminate\Http\Request), Object(Closure))
#10 /home/shure/Documents/cassette/web/webai/vendor/inertiajs/inertia-laravel/src/Middleware.php(122): Illuminate\Pipeline\Pipeline->{closure:{closure:Illuminate\Pipeline\Pipeline::carry():194}:195}(Object(Illuminate\Http\Request))
#11 /home/shure/Documents/cassette/web/webai/vendor/laravel/framework/src/Illuminate/Pipeline/Pipeline.php(219): Inertia\Middleware->handle(Object(Illuminate\Http\Request), Object(Closure))
#12 /home/shure/Documents/cassette/web/webai/app/Http/Middleware/HandleAppearance.php(21): Illuminate\Pipeline\Pipeline->{closure:{closure:Illuminate\Pipeline\Pipeline::carry():194}:195}(Object(Illuminate\Http\Request))
#13 /home/shure/Documents/cassette/web/webai/vendor/laravel/framework/src/Illuminate/Pipeline/Pipeline.php(219): App\Http\Middleware\HandleAppearance->handle(Object(Illuminate\Http\Request), Object(Closure))
#14 /home/shure/Documents/cassette/web/webai/vendor/laravel/framework/src/Illuminate/Routing/Middleware/SubstituteBindings.php(50): Illuminate\Pipeline\Pipeline->{closure:{closure:Illuminate\Pipeline\Pipeline::carry():194}:195}(Object(Illuminate\Http\Request))
#15 /home/shure/Documents/cassette/web/webai/vendor/laravel/framework/src/Illuminate/Pipeline/Pipeline.php(219): Illuminate\Routing\Middleware\SubstituteBindings->handle(Object(Illuminate\Http\Request), Object(Closure))
#16 /home/shure/Documents/cassette/web/webai/vendor/laravel/framework/src/Illuminate/Routing/Middleware/ThrottleRequests.php(166): Illuminate\Pipeline\Pipeline->{closure:{closure:Illuminate\Pipeline\Pipeline::carry():194}:195}(Object(Illuminate\Http\Request))
#17 /home/shure/Documents/cassette/web/webai/vendor/laravel/framework/src/Illuminate/Routing/Middleware/ThrottleRequests.php(129): Illuminate\Routing\Middleware\ThrottleRequests->handleRequest(Object(Illuminate\Http\Request), Object(Closure), Array)
#18 /home/shure/Documents/cassette/web/webai/vendor/laravel/framework/src/Illuminate/Routing/Middleware/ThrottleRequests.php(90): Illuminate\Routing\Middleware\ThrottleRequests->handleRequestUsingNamedLimiter(Object(Illuminate\Http\Request), Object(Closure), 'chat-messages', Object(Closure))
#19 /home/shure/Documents/cassette/web/webai/vendor/laravel/framework/src/Illuminate/Pipeline/Pipeline.php(219): Illuminate\Routing\Middleware\ThrottleRequests->handle(Object(Illuminate\Http\Request), Object(Closure), 'chat-messages')
#20 /home/shure/Documents/cassette/web/webai/vendor/laravel/framework/src/Illuminate/Auth/Middleware/Authenticate.php(63): Illuminate\Pipeline\Pipeline->{closure:{closure:Illuminate\Pipeline\Pipeline::carry():194}:195}(Object(Illuminate\Http\Request))
#21 /home/shure/Documents/cassette/web/webai/vendor/laravel/framework/src/Illuminate/Pipeline/Pipeline.php(219): Illuminate\Auth\Middleware\Authenticate->handle(Object(Illuminate\Http\Request), Object(Closure))
#22 /home/shure/Documents/cassette/web/webai/vendor/laravel/framework/src/Illuminate/Foundation/Http/Middleware/VerifyCsrfToken.php(87): Illuminate\Pipeline\Pipeline->{closure:{closure:Illuminate\Pipeline\Pipeline::carry():194}:195}(Object(Illuminate\Http\Request))
#23 /home/shure/Documents/cassette/web/webai/vendor/laravel/framework/src/Illuminate/Pipeline/Pipeline.php(219): Illuminate\Foundation\Http\Middleware\VerifyCsrfToken->handle(Object(Illuminate\Http\Request), Object(Closure))
#24 /home/shure/Documents/cassette/web/webai/vendor/laravel/framework/src/Illuminate/View/Middleware/ShareErrorsFromSession.php(48): Illuminate\Pipeline\Pipeline->{closure:{closure:Illuminate\Pipeline\Pipeline::carry():194}:195}(Object(Illuminate\Http\Request))
#25 /home/shure/Documents/cassette/web/webai/vendor/laravel/framework/src/Illuminate/Pipeline/Pipeline.php(219): Illuminate\View\Middleware\ShareErrorsFromSession->handle(Object(Illuminate\Http\Request), Object(Closure))
#26 /home/shure/Documents/cassette/web/webai/vendor/laravel/framework/src/Illuminate/Session/Middleware/StartSession.php(120): Illuminate\Pipeline\Pipeline->{closure:{closure:Illuminate\Pipeline\Pipeline::carry():194}:195}(Object(Illuminate\Http\Request))
#27 /home/shure/Documents/cassette/web/webai/vendor/laravel/framework/src/Illuminate/Session/Middleware/StartSession.php(63): Illuminate\Session\Middleware\StartSession->handleStatefulRequest(Object(Illuminate\Http\Request), Object(Illuminate\Session\Store), Object(Closure))
#28 /home/shure/Documents/cassette/web/webai/vendor/laravel/framework/src/Illuminate/Pipeline/Pipeline.php(219): Illuminate\Session\Middleware\StartSession->handle(Object(Illuminate\Http\Request), Object(Closure))
#29 /home/shure/Documents/cassette/web/webai/vendor/laravel/framework/src/Illuminate/Cookie/Middleware/AddQueuedCookiesToResponse.php(36): Illuminate\Pipeline\Pipeline->{closure:{closure:Illuminate\Pipeline\Pipeline::carry():194}:195}(Object(Illuminate\Http\Request))
#30 /home/shure/Documents/cassette/web/webai/vendor/laravel/framework/src/Illuminate/Pipeline/Pipeline.php(219): Illuminate\Cookie\Middleware\AddQueuedCookiesToResponse->handle(Object(Illuminate\Http\Request), Object(Closure))
#31 /home/shure/Documents/cassette/web/webai/vendor/laravel/framework/src/Illuminate/Cookie/Middleware/EncryptCookies.php(74): Illuminate\Pipeline\Pipeline->{closure:{closure:Illuminate\Pipeline\Pipeline::carry():194}:195}(Object(Illuminate\Http\Request))
#32 /home/shure/Documents/cassette/web/webai/vendor/laravel/framework/src/Illuminate/Pipeline/Pipeline.php(219): Illuminate\Cookie\Middleware\EncryptCookies->handle(Object(Illuminate\Http\Request), Object(Closure))
#33 /home/shure/Documents/cassette/web/webai/vendor/laravel/framework/src/Illuminate/Pipeline/Pipeline.php(137): Illuminate\Pipeline\Pipeline->{closure:{closure:Illuminate\Pipeline\Pipeline::carry():194}:195}(Object(Illuminate\Http\Request))
#34 /home/shure/Documents/cassette/web/webai/vendor/laravel/framework/src/Illuminate/Routing/Router.php(821): Illuminate\Pipeline\Pipeline->then(Object(Closure))
#35 /home/shure/Documents/cassette/web/webai/vendor/laravel/framework/src/Illuminate/Routing/Router.php(800): Illuminate\Routing\Router->runRouteWithinStack(Object(Illuminate\Routing\Route), Object(Illuminate\Http\Request))
#36 /home/shure/Documents/cassette/web/webai/vendor/laravel/framework/src/Illuminate/Routing/Router.php(764): Illuminate\Routing\Router->runRoute(Object(Illuminate\Http\Request), Object(Illuminate\Routing\Route))
#37 /home/shure/Documents/cassette/web/webai/vendor/laravel/framework/src/Illuminate/Routing/Router.php(753): Illuminate\Routing\Router->dispatchToRoute(Object(Illuminate\Http\Request))
#38 /home/shure/Documents/cassette/web/webai/vendor/laravel/framework/src/Illuminate/Foundation/Http/Kernel.php(200): Illuminate\Routing\Router->dispatch(Object(Illuminate\Http\Request))
#39 /home/shure/Documents/cassette/web/webai/vendor/laravel/framework/src/Illuminate/Pipeline/Pipeline.php(180): Illuminate\Foundation\Http\Kernel->{closure:Illuminate\Foundation\Http\Kernel::dispatchToRouter():197}(Object(Illuminate\Http\Request))
#40 /home/shure/Documents/cassette/web/webai/vendor/livewire/livewire/src/Features/SupportDisablingBackButtonCache/DisableBackButtonCacheMiddleware.php(19): Illuminate\Pipeline\Pipeline->{closure:Illuminate\Pipeline\Pipeline::prepareDestination():178}(Object(Illuminate\Http\Request))
#41 /home/shure/Documents/cassette/web/webai/vendor/laravel/framework/src/Illuminate/Pipeline/Pipeline.php(219): Livewire\Features\SupportDisablingBackButtonCache\DisableBackButtonCacheMiddleware->handle(Object(Illuminate\Http\Request), Object(Closure))
#42 /home/shure/Documents/cassette/web/webai/vendor/laravel/framework/src/Illuminate/Foundation/Http/Middleware/TransformsRequest.php(21): Illuminate\Pipeline\Pipeline->{closure:{closure:Illuminate\Pipeline\Pipeline::carry():194}:195}(Object(Illuminate\Http\Request))
#43 /home/shure/Documents/cassette/web/webai/vendor/laravel/framework/src/Illuminate/Foundation/Http/Middleware/ConvertEmptyStringsToNull.php(31): Illuminate\Foundation\Http\Middleware\TransformsRequest->handle(Object(Illuminate\Http\Request), Object(Closure))
#44 /home/shure/Documents/cassette/web/webai/vendor/laravel/framework/src/Illuminate/Pipeline/Pipeline.php(219): Illuminate\Foundation\Http\Middleware\ConvertEmptyStringsToNull->handle(Object(Illuminate\Http\Request), Object(Closure))
#45 /home/shure/Documents/cassette/web/webai/vendor/laravel/framework/src/Illuminate/Foundation/Http/Middleware/TransformsRequest.php(21): Illuminate\Pipeline\Pipeline->{closure:{closure:Illuminate\Pipeline\Pipeline::carry():194}:195}(Object(Illuminate\Http\Request))
#46 /home/shure/Documents/cassette/web/webai/vendor/laravel/framework/src/Illuminate/Foundation/Http/Middleware/TrimStrings.php(51): Illuminate\Foundation\Http\Middleware\TransformsRequest->handle(Object(Illuminate\Http\Request), Object(Closure))
#47 /home/shure/Documents/cassette/web/webai/vendor/laravel/framework/src/Illuminate/Pipeline/Pipeline.php(219): Illuminate\Foundation\Http\Middleware\TrimStrings->handle(Object(Illuminate\Http\Request), Object(Closure))
#48 /home/shure/Documents/cassette/web/webai/vendor/laravel/framework/src/Illuminate/Http/Middleware/ValidatePostSize.php(27): Illuminate\Pipeline\Pipeline->{closure:{closure:Illuminate\Pipeline\Pipeline::carry():194}:195}(Object(Illuminate\Http\Request))
#49 /home/shure/Documents/cassette/web/webai/vendor/laravel/framework/src/Illuminate/Pipeline/Pipeline.php(219): Illuminate\Http\Middleware\ValidatePostSize->handle(Object(Illuminate\Http\Request), Object(Closure))
#50 /home/shure/Documents/cassette/web/webai/vendor/laravel/framework/src/Illuminate/Foundation/Http/Middleware/PreventRequestsDuringMaintenance.php(109): Illuminate\Pipeline\Pipeline->{closure:{closure:Illuminate\Pipeline\Pipeline::carry():194}:195}(Object(Illuminate\Http\Request))
#51 /home/shure/Documents/cassette/web/webai/vendor/laravel/framework/src/Illuminate/Pipeline/Pipeline.php(219): Illuminate\Foundation\Http\Middleware\PreventRequestsDuringMaintenance->handle(Object(Illuminate\Http\Request), Object(Closure))
#52 /home/shure/Documents/cassette/web/webai/vendor/laravel/framework/src/Illuminate/Http/Middleware/HandleCors.php(48): Illuminate\Pipeline\Pipeline->{closure:{closure:Illuminate\Pipeline\Pipeline::carry():194}:195}(Object(Illuminate\Http\Request))
#53 /home/shure/Documents/cassette/web/webai/vendor/laravel/framework/src/Illuminate/Pipeline/Pipeline.php(219): Illuminate\Http\Middleware\HandleCors->handle(Object(Illuminate\Http\Request), Object(Closure))
#54 /home/shure/Documents/cassette/web/webai/vendor/laravel/framework/src/Illuminate/Http/Middleware/TrustProxies.php(58): Illuminate\Pipeline\Pipeline->{closure:{closure:Illuminate\Pipeline\Pipeline::carry():194}:195}(Object(Illuminate\Http\Request))
#55 /home/shure/Documents/cassette/web/webai/vendor/laravel/framework/src/Illuminate/Pipeline/Pipeline.php(219): Illuminate\Http\Middleware\TrustProxies->handle(Object(Illuminate\Http\Request), Object(Closure))
#56 /home/shure/Documents/cassette/web/webai/vendor/laravel/framework/src/Illuminate/Foundation/Http/Middleware/InvokeDeferredCallbacks.php(22): Illuminate\Pipeline\Pipeline->{closure:{closure:Illuminate\Pipeline\Pipeline::carry():194}:195}(Object(Illuminate\Http\Request))
#57 /home/shure/Documents/cassette/web/webai/vendor/laravel/framework/src/Illuminate/Pipeline/Pipeline.php(219): Illuminate\Foundation\Http\Middleware\InvokeDeferredCallbacks->handle(Object(Illuminate\Http\Request), Object(Closure))
#58 /home/shure/Documents/cassette/web/webai/vendor/laravel/framework/src/Illuminate/Http/Middleware/ValidatePathEncoding.php(26): Illuminate\Pipeline\Pipeline->{closure:{closure:Illuminate\Pipeline\Pipeline::carry():194}:195}(Object(Illuminate\Http\Request))
#59 /home/shure/Documents/cassette/web/webai/vendor/laravel/framework/src/Illuminate/Pipeline/Pipeline.php(219): Illuminate\Http\Middleware\ValidatePathEncoding->handle(Object(Illuminate\Http\Request), Object(Closure))
#60 /home/shure/Documents/cassette/web/webai/vendor/laravel/framework/src/Illuminate/Pipeline/Pipeline.php(137): Illuminate\Pipeline\Pipeline->{closure:{closure:Illuminate\Pipeline\Pipeline::carry():194}:195}(Object(Illuminate\Http\Request))
#61 /home/shure/Documents/cassette/web/webai/vendor/laravel/framework/src/Illuminate/Foundation/Http/Kernel.php(175): Illuminate\Pipeline\Pipeline->then(Object(Closure))
#62 /home/shure/Documents/cassette/web/webai/vendor/laravel/framework/src/Illuminate/Foundation/Http/Kernel.php(144): Illuminate\Foundation\Http\Kernel->sendRequestThroughRouter(Object(Illuminate\Http\Request))
#63 /home/shure/Documents/cassette/web/webai/vendor/laravel/framework/src/Illuminate/Foundation/Testing/Concerns/MakesHttpRequests.php(607): Illuminate\Foundation\Http\Kernel->handle(Object(Illuminate\Http\Request))
#64 /home/shure/Documents/cassette/web/webai/vendor/laravel/framework/src/Illuminate/Foundation/Testing/Concerns/MakesHttpRequests.php(573): Illuminate\Foundation\Testing\TestCase->call('POST', '/chat/stream', Array, Array, Array, Array, '{"prompt":"Anal...')
#65 /home/shure/Documents/cassette/web/webai/vendor/laravel/framework/src/Illuminate/Foundation/Testing/Concerns/MakesHttpRequests.php(411): Illuminate\Foundation\Testing\TestCase->json('POST', '/chat/stream', Array, Array, 0)
#66 /home/shure/Documents/cassette/web/webai/tests/Feature/ChatRequestValidationTest.php(103): Illuminate\Foundation\Testing\TestCase->postJson('/chat/stream', Array)
#67 /home/shure/Documents/cassette/web/webai/vendor/pestphp/pest/src/Factories/TestCaseMethodFactory.php(168): P\Tests\Feature\ChatRequestValidationTest->{closure:/home/shure/Documents/cassette/web/webai/tests/Feature/ChatRequestValidationTest.php:100}('png', 'image/png', true)
#68 [internal function]: P\Tests\Feature\ChatRequestValidationTest->{closure:Pest\Factories\TestCaseMethodFactory::getClosure():158}('png', 'image/png', true)
#69 /home/shure/Documents/cassette/web/webai/vendor/pestphp/pest/src/Concerns/Testable.php(429): call_user_func_array(Object(Closure), Array)
#70 /home/shure/Documents/cassette/web/webai/vendor/pestphp/pest/src/Support/ExceptionTrace.php(26): P\Tests\Feature\ChatRequestValidationTest->{closure:Pest\Concerns\Testable::__callClosure():429}()
#71 /home/shure/Documents/cassette/web/webai/vendor/pestphp/pest/src/Concerns/Testable.php(429): Pest\Support\ExceptionTrace::ensure(Object(Closure))
#72 /home/shure/Documents/cassette/web/webai/vendor/pestphp/pest/src/Concerns/Testable.php(331): P\Tests\Feature\ChatRequestValidationTest->__callClosure(Object(Closure), Array)
#73 /home/shure/Documents/cassette/web/webai/vendor/pestphp/pest/src/Factories/TestCaseFactory.php(169) : eval()'d code(87): P\Tests\Feature\ChatRequestValidationTest->__runTest(Object(Closure), 'png', 'image/png', true)
#74 /home/shure/Documents/cassette/web/webai/vendor/phpunit/phpunit/src/Framework/TestCase.php(1326): P\Tests\Feature\ChatRequestValidationTest->__pest_evaluable_chat_request_validates_file_mime_types('png', 'image/png', true)
#75 /home/shure/Documents/cassette/web/webai/vendor/phpunit/phpunit/src/Framework/TestCase.php(519): PHPUnit\Framework\TestCase->runTest()
#76 /home/shure/Documents/cassette/web/webai/vendor/phpunit/phpunit/src/Framework/TestRunner/TestRunner.php(99): PHPUnit\Framework\TestCase->runBare()
#77 /home/shure/Documents/cassette/web/webai/vendor/phpunit/phpunit/src/Framework/TestCase.php(359): PHPUnit\Framework\TestRunner->run(Object(P\Tests\Feature\ChatRequestValidationTest))
#78 /home/shure/Documents/cassette/web/webai/vendor/phpunit/phpunit/src/Framework/TestSuite.php(374): PHPUnit\Framework\TestCase->run()
#79 /home/shure/Documents/cassette/web/webai/vendor/phpunit/phpunit/src/Framework/TestSuite.php(374): PHPUnit\Framework\TestSuite->run()
#80 /home/shure/Documents/cassette/web/webai/vendor/brianium/paratest/src/WrapperRunner/ApplicationForWrapperWorker.php(119): PHPUnit\Framework\TestSuite->run()
#81 /home/shure/Documents/cassette/web/webai/vendor/pestphp/pest/bin/worker.php(105): ParaTest\WrapperRunner\ApplicationForWrapperWorker->runTest('/home/shure/Doc...')
#82 /home/shure/Documents/cassette/web/webai/vendor/pestphp/pest/bin/worker.php(110): {closure:/home/shure/Documents/cassette/web/webai/vendor/pestphp/pest/bin/worker.php:30}()
#83 {main}

----------------------------------------------------------------------------------

/tmp/phpocv9rkibc1iifLApGbb is empty[39;22m

  at [32mtests/Feature/ChatRequestValidationTest.php[39m:[32m109[39m
    105▕         'files' => [$file],
    106▕     ]);
    107▕ 
    108▕     if ($shouldPass) {
  ➜ 109▕         $response->assertOk();
    110▕     } else {
    111▕         $response->assertStatus(422);
    112▕         $response->assertJsonValidationErrors(['files.0']);
    113▕     }

  [31m────────────────────────────────────────────────────────────────────────────[39m  
  [41;1m FAILED [49;22m [1mTests\Feature\ChatRequestValidationTest[22m [90m>[39m chat request validates…    
[39;1m  Expected response status code [200] but received 500.
Failed asserting that 500 is identical to 200.

The following exception occurred during the last request:

InvalidArgumentException: /tmp/phphq7u6d3c0het4nLmNEe is empty in /home/shure/Documents/cassette/web/webai/vendor/prism-php/prism/src/ValueObjects/Media/Media.php:58
Stack trace:
#0 /home/shure/Documents/cassette/web/webai/app/Http/Controllers/ChatController.php(110): Prism\Prism\ValueObjects\Media\Media::fromLocalPath('/tmp/phphq7u6d3...', 'image/gif')
#1 /home/shure/Documents/cassette/web/webai/vendor/laravel/framework/src/Illuminate/Routing/ControllerDispatcher.php(46): App\Http\Controllers\ChatController->stream(Object(App\Http\Requests\ChatRequest))
#2 /home/shure/Documents/cassette/web/webai/vendor/laravel/framework/src/Illuminate/Routing/Route.php(265): Illuminate\Routing\ControllerDispatcher->dispatch(Object(Illuminate\Routing\Route), Object(App\Http\Controllers\ChatController), 'stream')
#3 /home/shure/Documents/cassette/web/webai/vendor/laravel/framework/src/Illuminate/Routing/Route.php(211): Illuminate\Routing\Route->runController()
#4 /home/shure/Documents/cassette/web/webai/vendor/laravel/framework/src/Illuminate/Routing/Router.php(822): Illuminate\Routing\Route->run()
#5 /home/shure/Documents/cassette/web/webai/vendor/laravel/framework/src/Illuminate/Pipeline/Pipeline.php(180): Illuminate\Routing\Router->{closure:Illuminate\Routing\Router::runRouteWithinStack():821}(Object(Illuminate\Http\Request))
#6 /home/shure/Documents/cassette/web/webai/vendor/laravel/framework/src/Illuminate/Auth/Middleware/EnsureEmailIsVerified.php(41): Illuminate\Pipeline\Pipeline->{closure:Illuminate\Pipeline\Pipeline::prepareDestination():178}(Object(Illuminate\Http\Request))
#7 /home/shure/Documents/cassette/web/webai/vendor/laravel/framework/src/Illuminate/Pipeline/Pipeline.php(219): Illuminate\Auth\Middleware\EnsureEmailIsVerified->handle(Object(Illuminate\Http\Request), Object(Closure))
#8 /home/shure/Documents/cassette/web/webai/vendor/laravel/framework/src/Illuminate/Http/Middleware/AddLinkHeadersForPreloadedAssets.php(32): Illuminate\Pipeline\Pipeline->{closure:{closure:Illuminate\Pipeline\Pipeline::carry():194}:195}(Object(Illuminate\Http\Request))
#9 /home/shure/Documents/cassette/web/webai/vendor/laravel/framework/src/Illuminate/Pipeline/Pipeline.php(219): Illuminate\Http\Middleware\AddLinkHeadersForPreloadedAssets->handle(Object(Illuminate\Http\Request), Object(Closure))
#10 /home/shure/Documents/cassette/web/webai/vendor/inertiajs/inertia-laravel/src/Middleware.php(122): Illuminate\Pipeline\Pipeline->{closure:{closure:Illuminate\Pipeline\Pipeline::carry():194}:195}(Object(Illuminate\Http\Request))
#11 /home/shure/Documents/cassette/web/webai/vendor/laravel/framework/src/Illuminate/Pipeline/Pipeline.php(219): Inertia\Middleware->handle(Object(Illuminate\Http\Request), Object(Closure))
#12 /home/shure/Documents/cassette/web/webai/app/Http/Middleware/HandleAppearance.php(21): Illuminate\Pipeline\Pipeline->{closure:{closure:Illuminate\Pipeline\Pipeline::carry():194}:195}(Object(Illuminate\Http\Request))
#13 /home/shure/Documents/cassette/web/webai/vendor/laravel/framework/src/Illuminate/Pipeline/Pipeline.php(219): App\Http\Middleware\HandleAppearance->handle(Object(Illuminate\Http\Request), Object(Closure))
#14 /home/shure/Documents/cassette/web/webai/vendor/laravel/framework/src/Illuminate/Routing/Middleware/SubstituteBindings.php(50): Illuminate\Pipeline\Pipeline->{closure:{closure:Illuminate\Pipeline\Pipeline::carry():194}:195}(Object(Illuminate\Http\Request))
#15 /home/shure/Documents/cassette/web/webai/vendor/laravel/framework/src/Illuminate/Pipeline/Pipeline.php(219): Illuminate\Routing\Middleware\SubstituteBindings->handle(Object(Illuminate\Http\Request), Object(Closure))
#16 /home/shure/Documents/cassette/web/webai/vendor/laravel/framework/src/Illuminate/Routing/Middleware/ThrottleRequests.php(166): Illuminate\Pipeline\Pipeline->{closure:{closure:Illuminate\Pipeline\Pipeline::carry():194}:195}(Object(Illuminate\Http\Request))
#17 /home/shure/Documents/cassette/web/webai/vendor/laravel/framework/src/Illuminate/Routing/Middleware/ThrottleRequests.php(129): Illuminate\Routing\Middleware\ThrottleRequests->handleRequest(Object(Illuminate\Http\Request), Object(Closure), Array)
#18 /home/shure/Documents/cassette/web/webai/vendor/laravel/framework/src/Illuminate/Routing/Middleware/ThrottleRequests.php(90): Illuminate\Routing\Middleware\ThrottleRequests->handleRequestUsingNamedLimiter(Object(Illuminate\Http\Request), Object(Closure), 'chat-messages', Object(Closure))
#19 /home/shure/Documents/cassette/web/webai/vendor/laravel/framework/src/Illuminate/Pipeline/Pipeline.php(219): Illuminate\Routing\Middleware\ThrottleRequests->handle(Object(Illuminate\Http\Request), Object(Closure), 'chat-messages')
#20 /home/shure/Documents/cassette/web/webai/vendor/laravel/framework/src/Illuminate/Auth/Middleware/Authenticate.php(63): Illuminate\Pipeline\Pipeline->{closure:{closure:Illuminate\Pipeline\Pipeline::carry():194}:195}(Object(Illuminate\Http\Request))
#21 /home/shure/Documents/cassette/web/webai/vendor/laravel/framework/src/Illuminate/Pipeline/Pipeline.php(219): Illuminate\Auth\Middleware\Authenticate->handle(Object(Illuminate\Http\Request), Object(Closure))
#22 /home/shure/Documents/cassette/web/webai/vendor/laravel/framework/src/Illuminate/Foundation/Http/Middleware/VerifyCsrfToken.php(87): Illuminate\Pipeline\Pipeline->{closure:{closure:Illuminate\Pipeline\Pipeline::carry():194}:195}(Object(Illuminate\Http\Request))
#23 /home/shure/Documents/cassette/web/webai/vendor/laravel/framework/src/Illuminate/Pipeline/Pipeline.php(219): Illuminate\Foundation\Http\Middleware\VerifyCsrfToken->handle(Object(Illuminate\Http\Request), Object(Closure))
#24 /home/shure/Documents/cassette/web/webai/vendor/laravel/framework/src/Illuminate/View/Middleware/ShareErrorsFromSession.php(48): Illuminate\Pipeline\Pipeline->{closure:{closure:Illuminate\Pipeline\Pipeline::carry():194}:195}(Object(Illuminate\Http\Request))
#25 /home/shure/Documents/cassette/web/webai/vendor/laravel/framework/src/Illuminate/Pipeline/Pipeline.php(219): Illuminate\View\Middleware\ShareErrorsFromSession->handle(Object(Illuminate\Http\Request), Object(Closure))
#26 /home/shure/Documents/cassette/web/webai/vendor/laravel/framework/src/Illuminate/Session/Middleware/StartSession.php(120): Illuminate\Pipeline\Pipeline->{closure:{closure:Illuminate\Pipeline\Pipeline::carry():194}:195}(Object(Illuminate\Http\Request))
#27 /home/shure/Documents/cassette/web/webai/vendor/laravel/framework/src/Illuminate/Session/Middleware/StartSession.php(63): Illuminate\Session\Middleware\StartSession->handleStatefulRequest(Object(Illuminate\Http\Request), Object(Illuminate\Session\Store), Object(Closure))
#28 /home/shure/Documents/cassette/web/webai/vendor/laravel/framework/src/Illuminate/Pipeline/Pipeline.php(219): Illuminate\Session\Middleware\StartSession->handle(Object(Illuminate\Http\Request), Object(Closure))
#29 /home/shure/Documents/cassette/web/webai/vendor/laravel/framework/src/Illuminate/Cookie/Middleware/AddQueuedCookiesToResponse.php(36): Illuminate\Pipeline\Pipeline->{closure:{closure:Illuminate\Pipeline\Pipeline::carry():194}:195}(Object(Illuminate\Http\Request))
#30 /home/shure/Documents/cassette/web/webai/vendor/laravel/framework/src/Illuminate/Pipeline/Pipeline.php(219): Illuminate\Cookie\Middleware\AddQueuedCookiesToResponse->handle(Object(Illuminate\Http\Request), Object(Closure))
#31 /home/shure/Documents/cassette/web/webai/vendor/laravel/framework/src/Illuminate/Cookie/Middleware/EncryptCookies.php(74): Illuminate\Pipeline\Pipeline->{closure:{closure:Illuminate\Pipeline\Pipeline::carry():194}:195}(Object(Illuminate\Http\Request))
#32 /home/shure/Documents/cassette/web/webai/vendor/laravel/framework/src/Illuminate/Pipeline/Pipeline.php(219): Illuminate\Cookie\Middleware\EncryptCookies->handle(Object(Illuminate\Http\Request), Object(Closure))
#33 /home/shure/Documents/cassette/web/webai/vendor/laravel/framework/src/Illuminate/Pipeline/Pipeline.php(137): Illuminate\Pipeline\Pipeline->{closure:{closure:Illuminate\Pipeline\Pipeline::carry():194}:195}(Object(Illuminate\Http\Request))
#34 /home/shure/Documents/cassette/web/webai/vendor/laravel/framework/src/Illuminate/Routing/Router.php(821): Illuminate\Pipeline\Pipeline->then(Object(Closure))
#35 /home/shure/Documents/cassette/web/webai/vendor/laravel/framework/src/Illuminate/Routing/Router.php(800): Illuminate\Routing\Router->runRouteWithinStack(Object(Illuminate\Routing\Route), Object(Illuminate\Http\Request))
#36 /home/shure/Documents/cassette/web/webai/vendor/laravel/framework/src/Illuminate/Routing/Router.php(764): Illuminate\Routing\Router->runRoute(Object(Illuminate\Http\Request), Object(Illuminate\Routing\Route))
#37 /home/shure/Documents/cassette/web/webai/vendor/laravel/framework/src/Illuminate/Routing/Router.php(753): Illuminate\Routing\Router->dispatchToRoute(Object(Illuminate\Http\Request))
#38 /home/shure/Documents/cassette/web/webai/vendor/laravel/framework/src/Illuminate/Foundation/Http/Kernel.php(200): Illuminate\Routing\Router->dispatch(Object(Illuminate\Http\Request))
#39 /home/shure/Documents/cassette/web/webai/vendor/laravel/framework/src/Illuminate/Pipeline/Pipeline.php(180): Illuminate\Foundation\Http\Kernel->{closure:Illuminate\Foundation\Http\Kernel::dispatchToRouter():197}(Object(Illuminate\Http\Request))
#40 /home/shure/Documents/cassette/web/webai/vendor/livewire/livewire/src/Features/SupportDisablingBackButtonCache/DisableBackButtonCacheMiddleware.php(19): Illuminate\Pipeline\Pipeline->{closure:Illuminate\Pipeline\Pipeline::prepareDestination():178}(Object(Illuminate\Http\Request))
#41 /home/shure/Documents/cassette/web/webai/vendor/laravel/framework/src/Illuminate/Pipeline/Pipeline.php(219): Livewire\Features\SupportDisablingBackButtonCache\DisableBackButtonCacheMiddleware->handle(Object(Illuminate\Http\Request), Object(Closure))
#42 /home/shure/Documents/cassette/web/webai/vendor/laravel/framework/src/Illuminate/Foundation/Http/Middleware/TransformsRequest.php(21): Illuminate\Pipeline\Pipeline->{closure:{closure:Illuminate\Pipeline\Pipeline::carry():194}:195}(Object(Illuminate\Http\Request))
#43 /home/shure/Documents/cassette/web/webai/vendor/laravel/framework/src/Illuminate/Foundation/Http/Middleware/ConvertEmptyStringsToNull.php(31): Illuminate\Foundation\Http\Middleware\TransformsRequest->handle(Object(Illuminate\Http\Request), Object(Closure))
#44 /home/shure/Documents/cassette/web/webai/vendor/laravel/framework/src/Illuminate/Pipeline/Pipeline.php(219): Illuminate\Foundation\Http\Middleware\ConvertEmptyStringsToNull->handle(Object(Illuminate\Http\Request), Object(Closure))
#45 /home/shure/Documents/cassette/web/webai/vendor/laravel/framework/src/Illuminate/Foundation/Http/Middleware/TransformsRequest.php(21): Illuminate\Pipeline\Pipeline->{closure:{closure:Illuminate\Pipeline\Pipeline::carry():194}:195}(Object(Illuminate\Http\Request))
#46 /home/shure/Documents/cassette/web/webai/vendor/laravel/framework/src/Illuminate/Foundation/Http/Middleware/TrimStrings.php(51): Illuminate\Foundation\Http\Middleware\TransformsRequest->handle(Object(Illuminate\Http\Request), Object(Closure))
#47 /home/shure/Documents/cassette/web/webai/vendor/laravel/framework/src/Illuminate/Pipeline/Pipeline.php(219): Illuminate\Foundation\Http\Middleware\TrimStrings->handle(Object(Illuminate\Http\Request), Object(Closure))
#48 /home/shure/Documents/cassette/web/webai/vendor/laravel/framework/src/Illuminate/Http/Middleware/ValidatePostSize.php(27): Illuminate\Pipeline\Pipeline->{closure:{closure:Illuminate\Pipeline\Pipeline::carry():194}:195}(Object(Illuminate\Http\Request))
#49 /home/shure/Documents/cassette/web/webai/vendor/laravel/framework/src/Illuminate/Pipeline/Pipeline.php(219): Illuminate\Http\Middleware\ValidatePostSize->handle(Object(Illuminate\Http\Request), Object(Closure))
#50 /home/shure/Documents/cassette/web/webai/vendor/laravel/framework/src/Illuminate/Foundation/Http/Middleware/PreventRequestsDuringMaintenance.php(109): Illuminate\Pipeline\Pipeline->{closure:{closure:Illuminate\Pipeline\Pipeline::carry():194}:195}(Object(Illuminate\Http\Request))
#51 /home/shure/Documents/cassette/web/webai/vendor/laravel/framework/src/Illuminate/Pipeline/Pipeline.php(219): Illuminate\Foundation\Http\Middleware\PreventRequestsDuringMaintenance->handle(Object(Illuminate\Http\Request), Object(Closure))
#52 /home/shure/Documents/cassette/web/webai/vendor/laravel/framework/src/Illuminate/Http/Middleware/HandleCors.php(48): Illuminate\Pipeline\Pipeline->{closure:{closure:Illuminate\Pipeline\Pipeline::carry():194}:195}(Object(Illuminate\Http\Request))
#53 /home/shure/Documents/cassette/web/webai/vendor/laravel/framework/src/Illuminate/Pipeline/Pipeline.php(219): Illuminate\Http\Middleware\HandleCors->handle(Object(Illuminate\Http\Request), Object(Closure))
#54 /home/shure/Documents/cassette/web/webai/vendor/laravel/framework/src/Illuminate/Http/Middleware/TrustProxies.php(58): Illuminate\Pipeline\Pipeline->{closure:{closure:Illuminate\Pipeline\Pipeline::carry():194}:195}(Object(Illuminate\Http\Request))
#55 /home/shure/Documents/cassette/web/webai/vendor/laravel/framework/src/Illuminate/Pipeline/Pipeline.php(219): Illuminate\Http\Middleware\TrustProxies->handle(Object(Illuminate\Http\Request), Object(Closure))
#56 /home/shure/Documents/cassette/web/webai/vendor/laravel/framework/src/Illuminate/Foundation/Http/Middleware/InvokeDeferredCallbacks.php(22): Illuminate\Pipeline\Pipeline->{closure:{closure:Illuminate\Pipeline\Pipeline::carry():194}:195}(Object(Illuminate\Http\Request))
#57 /home/shure/Documents/cassette/web/webai/vendor/laravel/framework/src/Illuminate/Pipeline/Pipeline.php(219): Illuminate\Foundation\Http\Middleware\InvokeDeferredCallbacks->handle(Object(Illuminate\Http\Request), Object(Closure))
#58 /home/shure/Documents/cassette/web/webai/vendor/laravel/framework/src/Illuminate/Http/Middleware/ValidatePathEncoding.php(26): Illuminate\Pipeline\Pipeline->{closure:{closure:Illuminate\Pipeline\Pipeline::carry():194}:195}(Object(Illuminate\Http\Request))
#59 /home/shure/Documents/cassette/web/webai/vendor/laravel/framework/src/Illuminate/Pipeline/Pipeline.php(219): Illuminate\Http\Middleware\ValidatePathEncoding->handle(Object(Illuminate\Http\Request), Object(Closure))
#60 /home/shure/Documents/cassette/web/webai/vendor/laravel/framework/src/Illuminate/Pipeline/Pipeline.php(137): Illuminate\Pipeline\Pipeline->{closure:{closure:Illuminate\Pipeline\Pipeline::carry():194}:195}(Object(Illuminate\Http\Request))
#61 /home/shure/Documents/cassette/web/webai/vendor/laravel/framework/src/Illuminate/Foundation/Http/Kernel.php(175): Illuminate\Pipeline\Pipeline->then(Object(Closure))
#62 /home/shure/Documents/cassette/web/webai/vendor/laravel/framework/src/Illuminate/Foundation/Http/Kernel.php(144): Illuminate\Foundation\Http\Kernel->sendRequestThroughRouter(Object(Illuminate\Http\Request))
#63 /home/shure/Documents/cassette/web/webai/vendor/laravel/framework/src/Illuminate/Foundation/Testing/Concerns/MakesHttpRequests.php(607): Illuminate\Foundation\Http\Kernel->handle(Object(Illuminate\Http\Request))
#64 /home/shure/Documents/cassette/web/webai/vendor/laravel/framework/src/Illuminate/Foundation/Testing/Concerns/MakesHttpRequests.php(573): Illuminate\Foundation\Testing\TestCase->call('POST', '/chat/stream', Array, Array, Array, Array, '{"prompt":"Anal...')
#65 /home/shure/Documents/cassette/web/webai/vendor/laravel/framework/src/Illuminate/Foundation/Testing/Concerns/MakesHttpRequests.php(411): Illuminate\Foundation\Testing\TestCase->json('POST', '/chat/stream', Array, Array, 0)
#66 /home/shure/Documents/cassette/web/webai/tests/Feature/ChatRequestValidationTest.php(103): Illuminate\Foundation\Testing\TestCase->postJson('/chat/stream', Array)
#67 /home/shure/Documents/cassette/web/webai/vendor/pestphp/pest/src/Factories/TestCaseMethodFactory.php(168): P\Tests\Feature\ChatRequestValidationTest->{closure:/home/shure/Documents/cassette/web/webai/tests/Feature/ChatRequestValidationTest.php:100}('gif', 'image/gif', true)
#68 [internal function]: P\Tests\Feature\ChatRequestValidationTest->{closure:Pest\Factories\TestCaseMethodFactory::getClosure():158}('gif', 'image/gif', true)
#69 /home/shure/Documents/cassette/web/webai/vendor/pestphp/pest/src/Concerns/Testable.php(429): call_user_func_array(Object(Closure), Array)
#70 /home/shure/Documents/cassette/web/webai/vendor/pestphp/pest/src/Support/ExceptionTrace.php(26): P\Tests\Feature\ChatRequestValidationTest->{closure:Pest\Concerns\Testable::__callClosure():429}()
#71 /home/shure/Documents/cassette/web/webai/vendor/pestphp/pest/src/Concerns/Testable.php(429): Pest\Support\ExceptionTrace::ensure(Object(Closure))
#72 /home/shure/Documents/cassette/web/webai/vendor/pestphp/pest/src/Concerns/Testable.php(331): P\Tests\Feature\ChatRequestValidationTest->__callClosure(Object(Closure), Array)
#73 /home/shure/Documents/cassette/web/webai/vendor/pestphp/pest/src/Factories/TestCaseFactory.php(169) : eval()'d code(87): P\Tests\Feature\ChatRequestValidationTest->__runTest(Object(Closure), 'gif', 'image/gif', true)
#74 /home/shure/Documents/cassette/web/webai/vendor/phpunit/phpunit/src/Framework/TestCase.php(1326): P\Tests\Feature\ChatRequestValidationTest->__pest_evaluable_chat_request_validates_file_mime_types('gif', 'image/gif', true)
#75 /home/shure/Documents/cassette/web/webai/vendor/phpunit/phpunit/src/Framework/TestCase.php(519): PHPUnit\Framework\TestCase->runTest()
#76 /home/shure/Documents/cassette/web/webai/vendor/phpunit/phpunit/src/Framework/TestRunner/TestRunner.php(99): PHPUnit\Framework\TestCase->runBare()
#77 /home/shure/Documents/cassette/web/webai/vendor/phpunit/phpunit/src/Framework/TestCase.php(359): PHPUnit\Framework\TestRunner->run(Object(P\Tests\Feature\ChatRequestValidationTest))
#78 /home/shure/Documents/cassette/web/webai/vendor/phpunit/phpunit/src/Framework/TestSuite.php(374): PHPUnit\Framework\TestCase->run()
#79 /home/shure/Documents/cassette/web/webai/vendor/phpunit/phpunit/src/Framework/TestSuite.php(374): PHPUnit\Framework\TestSuite->run()
#80 /home/shure/Documents/cassette/web/webai/vendor/brianium/paratest/src/WrapperRunner/ApplicationForWrapperWorker.php(119): PHPUnit\Framework\TestSuite->run()
#81 /home/shure/Documents/cassette/web/webai/vendor/pestphp/pest/bin/worker.php(105): ParaTest\WrapperRunner\ApplicationForWrapperWorker->runTest('/home/shure/Doc...')
#82 /home/shure/Documents/cassette/web/webai/vendor/pestphp/pest/bin/worker.php(110): {closure:/home/shure/Documents/cassette/web/webai/vendor/pestphp/pest/bin/worker.php:30}()
#83 {main}

----------------------------------------------------------------------------------

/tmp/phphq7u6d3c0het4nLmNEe is empty[39;22m

  at [32mtests/Feature/ChatRequestValidationTest.php[39m:[32m109[39m
    105▕         'files' => [$file],
    106▕     ]);
    107▕ 
    108▕     if ($shouldPass) {
  ➜ 109▕         $response->assertOk();
    110▕     } else {
    111▕         $response->assertStatus(422);
    112▕         $response->assertJsonValidationErrors(['files.0']);
    113▕     }

  [31m────────────────────────────────────────────────────────────────────────────[39m  
  [41;1m FAILED [49;22m [1mTests\Feature\ChatRequestValidationTest[22m [90m>[39m chat request accepts fi…   
[39;1m  Expected response status code [200] but received 500.
Failed asserting that 500 is identical to 200.

The following exception occurred during the last request:

InvalidArgumentException: /tmp/phpnad8jpldq36rfBJkMaH is empty in /home/shure/Documents/cassette/web/webai/vendor/prism-php/prism/src/ValueObjects/Media/Media.php:58
Stack trace:
#0 /home/shure/Documents/cassette/web/webai/app/Http/Controllers/ChatController.php(110): Prism\Prism\ValueObjects\Media\Media::fromLocalPath('/tmp/phpnad8jpl...', 'image/jpeg')
#1 /home/shure/Documents/cassette/web/webai/vendor/laravel/framework/src/Illuminate/Routing/ControllerDispatcher.php(46): App\Http\Controllers\ChatController->stream(Object(App\Http\Requests\ChatRequest))
#2 /home/shure/Documents/cassette/web/webai/vendor/laravel/framework/src/Illuminate/Routing/Route.php(265): Illuminate\Routing\ControllerDispatcher->dispatch(Object(Illuminate\Routing\Route), Object(App\Http\Controllers\ChatController), 'stream')
#3 /home/shure/Documents/cassette/web/webai/vendor/laravel/framework/src/Illuminate/Routing/Route.php(211): Illuminate\Routing\Route->runController()
#4 /home/shure/Documents/cassette/web/webai/vendor/laravel/framework/src/Illuminate/Routing/Router.php(822): Illuminate\Routing\Route->run()
#5 /home/shure/Documents/cassette/web/webai/vendor/laravel/framework/src/Illuminate/Pipeline/Pipeline.php(180): Illuminate\Routing\Router->{closure:Illuminate\Routing\Router::runRouteWithinStack():821}(Object(Illuminate\Http\Request))
#6 /home/shure/Documents/cassette/web/webai/vendor/laravel/framework/src/Illuminate/Auth/Middleware/EnsureEmailIsVerified.php(41): Illuminate\Pipeline\Pipeline->{closure:Illuminate\Pipeline\Pipeline::prepareDestination():178}(Object(Illuminate\Http\Request))
#7 /home/shure/Documents/cassette/web/webai/vendor/laravel/framework/src/Illuminate/Pipeline/Pipeline.php(219): Illuminate\Auth\Middleware\EnsureEmailIsVerified->handle(Object(Illuminate\Http\Request), Object(Closure))
#8 /home/shure/Documents/cassette/web/webai/vendor/laravel/framework/src/Illuminate/Http/Middleware/AddLinkHeadersForPreloadedAssets.php(32): Illuminate\Pipeline\Pipeline->{closure:{closure:Illuminate\Pipeline\Pipeline::carry():194}:195}(Object(Illuminate\Http\Request))
#9 /home/shure/Documents/cassette/web/webai/vendor/laravel/framework/src/Illuminate/Pipeline/Pipeline.php(219): Illuminate\Http\Middleware\AddLinkHeadersForPreloadedAssets->handle(Object(Illuminate\Http\Request), Object(Closure))
#10 /home/shure/Documents/cassette/web/webai/vendor/inertiajs/inertia-laravel/src/Middleware.php(122): Illuminate\Pipeline\Pipeline->{closure:{closure:Illuminate\Pipeline\Pipeline::carry():194}:195}(Object(Illuminate\Http\Request))
#11 /home/shure/Documents/cassette/web/webai/vendor/laravel/framework/src/Illuminate/Pipeline/Pipeline.php(219): Inertia\Middleware->handle(Object(Illuminate\Http\Request), Object(Closure))
#12 /home/shure/Documents/cassette/web/webai/app/Http/Middleware/HandleAppearance.php(21): Illuminate\Pipeline\Pipeline->{closure:{closure:Illuminate\Pipeline\Pipeline::carry():194}:195}(Object(Illuminate\Http\Request))
#13 /home/shure/Documents/cassette/web/webai/vendor/laravel/framework/src/Illuminate/Pipeline/Pipeline.php(219): App\Http\Middleware\HandleAppearance->handle(Object(Illuminate\Http\Request), Object(Closure))
#14 /home/shure/Documents/cassette/web/webai/vendor/laravel/framework/src/Illuminate/Routing/Middleware/SubstituteBindings.php(50): Illuminate\Pipeline\Pipeline->{closure:{closure:Illuminate\Pipeline\Pipeline::carry():194}:195}(Object(Illuminate\Http\Request))
#15 /home/shure/Documents/cassette/web/webai/vendor/laravel/framework/src/Illuminate/Pipeline/Pipeline.php(219): Illuminate\Routing\Middleware\SubstituteBindings->handle(Object(Illuminate\Http\Request), Object(Closure))
#16 /home/shure/Documents/cassette/web/webai/vendor/laravel/framework/src/Illuminate/Routing/Middleware/ThrottleRequests.php(166): Illuminate\Pipeline\Pipeline->{closure:{closure:Illuminate\Pipeline\Pipeline::carry():194}:195}(Object(Illuminate\Http\Request))
#17 /home/shure/Documents/cassette/web/webai/vendor/laravel/framework/src/Illuminate/Routing/Middleware/ThrottleRequests.php(129): Illuminate\Routing\Middleware\ThrottleRequests->handleRequest(Object(Illuminate\Http\Request), Object(Closure), Array)
#18 /home/shure/Documents/cassette/web/webai/vendor/laravel/framework/src/Illuminate/Routing/Middleware/ThrottleRequests.php(90): Illuminate\Routing\Middleware\ThrottleRequests->handleRequestUsingNamedLimiter(Object(Illuminate\Http\Request), Object(Closure), 'chat-messages', Object(Closure))
#19 /home/shure/Documents/cassette/web/webai/vendor/laravel/framework/src/Illuminate/Pipeline/Pipeline.php(219): Illuminate\Routing\Middleware\ThrottleRequests->handle(Object(Illuminate\Http\Request), Object(Closure), 'chat-messages')
#20 /home/shure/Documents/cassette/web/webai/vendor/laravel/framework/src/Illuminate/Auth/Middleware/Authenticate.php(63): Illuminate\Pipeline\Pipeline->{closure:{closure:Illuminate\Pipeline\Pipeline::carry():194}:195}(Object(Illuminate\Http\Request))
#21 /home/shure/Documents/cassette/web/webai/vendor/laravel/framework/src/Illuminate/Pipeline/Pipeline.php(219): Illuminate\Auth\Middleware\Authenticate->handle(Object(Illuminate\Http\Request), Object(Closure))
#22 /home/shure/Documents/cassette/web/webai/vendor/laravel/framework/src/Illuminate/Foundation/Http/Middleware/VerifyCsrfToken.php(87): Illuminate\Pipeline\Pipeline->{closure:{closure:Illuminate\Pipeline\Pipeline::carry():194}:195}(Object(Illuminate\Http\Request))
#23 /home/shure/Documents/cassette/web/webai/vendor/laravel/framework/src/Illuminate/Pipeline/Pipeline.php(219): Illuminate\Foundation\Http\Middleware\VerifyCsrfToken->handle(Object(Illuminate\Http\Request), Object(Closure))
#24 /home/shure/Documents/cassette/web/webai/vendor/laravel/framework/src/Illuminate/View/Middleware/ShareErrorsFromSession.php(48): Illuminate\Pipeline\Pipeline->{closure:{closure:Illuminate\Pipeline\Pipeline::carry():194}:195}(Object(Illuminate\Http\Request))
#25 /home/shure/Documents/cassette/web/webai/vendor/laravel/framework/src/Illuminate/Pipeline/Pipeline.php(219): Illuminate\View\Middleware\ShareErrorsFromSession->handle(Object(Illuminate\Http\Request), Object(Closure))
#26 /home/shure/Documents/cassette/web/webai/vendor/laravel/framework/src/Illuminate/Session/Middleware/StartSession.php(120): Illuminate\Pipeline\Pipeline->{closure:{closure:Illuminate\Pipeline\Pipeline::carry():194}:195}(Object(Illuminate\Http\Request))
#27 /home/shure/Documents/cassette/web/webai/vendor/laravel/framework/src/Illuminate/Session/Middleware/StartSession.php(63): Illuminate\Session\Middleware\StartSession->handleStatefulRequest(Object(Illuminate\Http\Request), Object(Illuminate\Session\Store), Object(Closure))
#28 /home/shure/Documents/cassette/web/webai/vendor/laravel/framework/src/Illuminate/Pipeline/Pipeline.php(219): Illuminate\Session\Middleware\StartSession->handle(Object(Illuminate\Http\Request), Object(Closure))
#29 /home/shure/Documents/cassette/web/webai/vendor/laravel/framework/src/Illuminate/Cookie/Middleware/AddQueuedCookiesToResponse.php(36): Illuminate\Pipeline\Pipeline->{closure:{closure:Illuminate\Pipeline\Pipeline::carry():194}:195}(Object(Illuminate\Http\Request))
#30 /home/shure/Documents/cassette/web/webai/vendor/laravel/framework/src/Illuminate/Pipeline/Pipeline.php(219): Illuminate\Cookie\Middleware\AddQueuedCookiesToResponse->handle(Object(Illuminate\Http\Request), Object(Closure))
#31 /home/shure/Documents/cassette/web/webai/vendor/laravel/framework/src/Illuminate/Cookie/Middleware/EncryptCookies.php(74): Illuminate\Pipeline\Pipeline->{closure:{closure:Illuminate\Pipeline\Pipeline::carry():194}:195}(Object(Illuminate\Http\Request))
#32 /home/shure/Documents/cassette/web/webai/vendor/laravel/framework/src/Illuminate/Pipeline/Pipeline.php(219): Illuminate\Cookie\Middleware\EncryptCookies->handle(Object(Illuminate\Http\Request), Object(Closure))
#33 /home/shure/Documents/cassette/web/webai/vendor/laravel/framework/src/Illuminate/Pipeline/Pipeline.php(137): Illuminate\Pipeline\Pipeline->{closure:{closure:Illuminate\Pipeline\Pipeline::carry():194}:195}(Object(Illuminate\Http\Request))
#34 /home/shure/Documents/cassette/web/webai/vendor/laravel/framework/src/Illuminate/Routing/Router.php(821): Illuminate\Pipeline\Pipeline->then(Object(Closure))
#35 /home/shure/Documents/cassette/web/webai/vendor/laravel/framework/src/Illuminate/Routing/Router.php(800): Illuminate\Routing\Router->runRouteWithinStack(Object(Illuminate\Routing\Route), Object(Illuminate\Http\Request))
#36 /home/shure/Documents/cassette/web/webai/vendor/laravel/framework/src/Illuminate/Routing/Router.php(764): Illuminate\Routing\Router->runRoute(Object(Illuminate\Http\Request), Object(Illuminate\Routing\Route))
#37 /home/shure/Documents/cassette/web/webai/vendor/laravel/framework/src/Illuminate/Routing/Router.php(753): Illuminate\Routing\Router->dispatchToRoute(Object(Illuminate\Http\Request))
#38 /home/shure/Documents/cassette/web/webai/vendor/laravel/framework/src/Illuminate/Foundation/Http/Kernel.php(200): Illuminate\Routing\Router->dispatch(Object(Illuminate\Http\Request))
#39 /home/shure/Documents/cassette/web/webai/vendor/laravel/framework/src/Illuminate/Pipeline/Pipeline.php(180): Illuminate\Foundation\Http\Kernel->{closure:Illuminate\Foundation\Http\Kernel::dispatchToRouter():197}(Object(Illuminate\Http\Request))
#40 /home/shure/Documents/cassette/web/webai/vendor/livewire/livewire/src/Features/SupportDisablingBackButtonCache/DisableBackButtonCacheMiddleware.php(19): Illuminate\Pipeline\Pipeline->{closure:Illuminate\Pipeline\Pipeline::prepareDestination():178}(Object(Illuminate\Http\Request))
#41 /home/shure/Documents/cassette/web/webai/vendor/laravel/framework/src/Illuminate/Pipeline/Pipeline.php(219): Livewire\Features\SupportDisablingBackButtonCache\DisableBackButtonCacheMiddleware->handle(Object(Illuminate\Http\Request), Object(Closure))
#42 /home/shure/Documents/cassette/web/webai/vendor/laravel/framework/src/Illuminate/Foundation/Http/Middleware/TransformsRequest.php(21): Illuminate\Pipeline\Pipeline->{closure:{closure:Illuminate\Pipeline\Pipeline::carry():194}:195}(Object(Illuminate\Http\Request))
#43 /home/shure/Documents/cassette/web/webai/vendor/laravel/framework/src/Illuminate/Foundation/Http/Middleware/ConvertEmptyStringsToNull.php(31): Illuminate\Foundation\Http\Middleware\TransformsRequest->handle(Object(Illuminate\Http\Request), Object(Closure))
#44 /home/shure/Documents/cassette/web/webai/vendor/laravel/framework/src/Illuminate/Pipeline/Pipeline.php(219): Illuminate\Foundation\Http\Middleware\ConvertEmptyStringsToNull->handle(Object(Illuminate\Http\Request), Object(Closure))
#45 /home/shure/Documents/cassette/web/webai/vendor/laravel/framework/src/Illuminate/Foundation/Http/Middleware/TransformsRequest.php(21): Illuminate\Pipeline\Pipeline->{closure:{closure:Illuminate\Pipeline\Pipeline::carry():194}:195}(Object(Illuminate\Http\Request))
#46 /home/shure/Documents/cassette/web/webai/vendor/laravel/framework/src/Illuminate/Foundation/Http/Middleware/TrimStrings.php(51): Illuminate\Foundation\Http\Middleware\TransformsRequest->handle(Object(Illuminate\Http\Request), Object(Closure))
#47 /home/shure/Documents/cassette/web/webai/vendor/laravel/framework/src/Illuminate/Pipeline/Pipeline.php(219): Illuminate\Foundation\Http\Middleware\TrimStrings->handle(Object(Illuminate\Http\Request), Object(Closure))
#48 /home/shure/Documents/cassette/web/webai/vendor/laravel/framework/src/Illuminate/Http/Middleware/ValidatePostSize.php(27): Illuminate\Pipeline\Pipeline->{closure:{closure:Illuminate\Pipeline\Pipeline::carry():194}:195}(Object(Illuminate\Http\Request))
#49 /home/shure/Documents/cassette/web/webai/vendor/laravel/framework/src/Illuminate/Pipeline/Pipeline.php(219): Illuminate\Http\Middleware\ValidatePostSize->handle(Object(Illuminate\Http\Request), Object(Closure))
#50 /home/shure/Documents/cassette/web/webai/vendor/laravel/framework/src/Illuminate/Foundation/Http/Middleware/PreventRequestsDuringMaintenance.php(109): Illuminate\Pipeline\Pipeline->{closure:{closure:Illuminate\Pipeline\Pipeline::carry():194}:195}(Object(Illuminate\Http\Request))
#51 /home/shure/Documents/cassette/web/webai/vendor/laravel/framework/src/Illuminate/Pipeline/Pipeline.php(219): Illuminate\Foundation\Http\Middleware\PreventRequestsDuringMaintenance->handle(Object(Illuminate\Http\Request), Object(Closure))
#52 /home/shure/Documents/cassette/web/webai/vendor/laravel/framework/src/Illuminate/Http/Middleware/HandleCors.php(48): Illuminate\Pipeline\Pipeline->{closure:{closure:Illuminate\Pipeline\Pipeline::carry():194}:195}(Object(Illuminate\Http\Request))
#53 /home/shure/Documents/cassette/web/webai/vendor/laravel/framework/src/Illuminate/Pipeline/Pipeline.php(219): Illuminate\Http\Middleware\HandleCors->handle(Object(Illuminate\Http\Request), Object(Closure))
#54 /home/shure/Documents/cassette/web/webai/vendor/laravel/framework/src/Illuminate/Http/Middleware/TrustProxies.php(58): Illuminate\Pipeline\Pipeline->{closure:{closure:Illuminate\Pipeline\Pipeline::carry():194}:195}(Object(Illuminate\Http\Request))
#55 /home/shure/Documents/cassette/web/webai/vendor/laravel/framework/src/Illuminate/Pipeline/Pipeline.php(219): Illuminate\Http\Middleware\TrustProxies->handle(Object(Illuminate\Http\Request), Object(Closure))
#56 /home/shure/Documents/cassette/web/webai/vendor/laravel/framework/src/Illuminate/Foundation/Http/Middleware/InvokeDeferredCallbacks.php(22): Illuminate\Pipeline\Pipeline->{closure:{closure:Illuminate\Pipeline\Pipeline::carry():194}:195}(Object(Illuminate\Http\Request))
#57 /home/shure/Documents/cassette/web/webai/vendor/laravel/framework/src/Illuminate/Pipeline/Pipeline.php(219): Illuminate\Foundation\Http\Middleware\InvokeDeferredCallbacks->handle(Object(Illuminate\Http\Request), Object(Closure))
#58 /home/shure/Documents/cassette/web/webai/vendor/laravel/framework/src/Illuminate/Http/Middleware/ValidatePathEncoding.php(26): Illuminate\Pipeline\Pipeline->{closure:{closure:Illuminate\Pipeline\Pipeline::carry():194}:195}(Object(Illuminate\Http\Request))
#59 /home/shure/Documents/cassette/web/webai/vendor/laravel/framework/src/Illuminate/Pipeline/Pipeline.php(219): Illuminate\Http\Middleware\ValidatePathEncoding->handle(Object(Illuminate\Http\Request), Object(Closure))
#60 /home/shure/Documents/cassette/web/webai/vendor/laravel/framework/src/Illuminate/Pipeline/Pipeline.php(137): Illuminate\Pipeline\Pipeline->{closure:{closure:Illuminate\Pipeline\Pipeline::carry():194}:195}(Object(Illuminate\Http\Request))
#61 /home/shure/Documents/cassette/web/webai/vendor/laravel/framework/src/Illuminate/Foundation/Http/Kernel.php(175): Illuminate\Pipeline\Pipeline->then(Object(Closure))
#62 /home/shure/Documents/cassette/web/webai/vendor/laravel/framework/src/Illuminate/Foundation/Http/Kernel.php(144): Illuminate\Foundation\Http\Kernel->sendRequestThroughRouter(Object(Illuminate\Http\Request))
#63 /home/shure/Documents/cassette/web/webai/vendor/laravel/framework/src/Illuminate/Foundation/Testing/Concerns/MakesHttpRequests.php(607): Illuminate\Foundation\Http\Kernel->handle(Object(Illuminate\Http\Request))
#64 /home/shure/Documents/cassette/web/webai/vendor/laravel/framework/src/Illuminate/Foundation/Testing/Concerns/MakesHttpRequests.php(573): Illuminate\Foundation\Testing\TestCase->call('POST', '/chat/stream', Array, Array, Array, Array, '{"prompt":"Anal...')
#65 /home/shure/Documents/cassette/web/webai/vendor/laravel/framework/src/Illuminate/Foundation/Testing/Concerns/MakesHttpRequests.php(411): Illuminate\Foundation\Testing\TestCase->json('POST', '/chat/stream', Array, Array, 0)
#66 /home/shure/Documents/cassette/web/webai/tests/Feature/ChatRequestValidationTest.php(142): Illuminate\Foundation\Testing\TestCase->postJson('/chat/stream', Array)
#67 /home/shure/Documents/cassette/web/webai/vendor/pestphp/pest/src/Factories/TestCaseMethodFactory.php(168): P\Tests\Feature\ChatRequestValidationTest->{closure:/home/shure/Documents/cassette/web/webai/tests/Feature/ChatRequestValidationTest.php:139}()
#68 [internal function]: P\Tests\Feature\ChatRequestValidationTest->{closure:Pest\Factories\TestCaseMethodFactory::getClosure():158}()
#69 /home/shure/Documents/cassette/web/webai/vendor/pestphp/pest/src/Concerns/Testable.php(429): call_user_func_array(Object(Closure), Array)
#70 /home/shure/Documents/cassette/web/webai/vendor/pestphp/pest/src/Support/ExceptionTrace.php(26): P\Tests\Feature\ChatRequestValidationTest->{closure:Pest\Concerns\Testable::__callClosure():429}()
#71 /home/shure/Documents/cassette/web/webai/vendor/pestphp/pest/src/Concerns/Testable.php(429): Pest\Support\ExceptionTrace::ensure(Object(Closure))
#72 /home/shure/Documents/cassette/web/webai/vendor/pestphp/pest/src/Concerns/Testable.php(331): P\Tests\Feature\ChatRequestValidationTest->__callClosure(Object(Closure), Array)
#73 /home/shure/Documents/cassette/web/webai/vendor/pestphp/pest/src/Factories/TestCaseFactory.php(169) : eval()'d code(110): P\Tests\Feature\ChatRequestValidationTest->__runTest(Object(Closure))
#74 /home/shure/Documents/cassette/web/webai/vendor/phpunit/phpunit/src/Framework/TestCase.php(1326): P\Tests\Feature\ChatRequestValidationTest->__pest_evaluable_chat_request_accepts_file_at_size_boundary()
#75 /home/shure/Documents/cassette/web/webai/vendor/phpunit/phpunit/src/Framework/TestCase.php(519): PHPUnit\Framework\TestCase->runTest()
#76 /home/shure/Documents/cassette/web/webai/vendor/phpunit/phpunit/src/Framework/TestRunner/TestRunner.php(99): PHPUnit\Framework\TestCase->runBare()
#77 /home/shure/Documents/cassette/web/webai/vendor/phpunit/phpunit/src/Framework/TestCase.php(359): PHPUnit\Framework\TestRunner->run(Object(P\Tests\Feature\ChatRequestValidationTest))
#78 /home/shure/Documents/cassette/web/webai/vendor/phpunit/phpunit/src/Framework/TestSuite.php(374): PHPUnit\Framework\TestCase->run()
#79 /home/shure/Documents/cassette/web/webai/vendor/brianium/paratest/src/WrapperRunner/ApplicationForWrapperWorker.php(119): PHPUnit\Framework\TestSuite->run()
#80 /home/shure/Documents/cassette/web/webai/vendor/pestphp/pest/bin/worker.php(105): ParaTest\WrapperRunner\ApplicationForWrapperWorker->runTest('/home/shure/Doc...')
#81 /home/shure/Documents/cassette/web/webai/vendor/pestphp/pest/bin/worker.php(110): {closure:/home/shure/Documents/cassette/web/webai/vendor/pestphp/pest/bin/worker.php:30}()
#82 {main}

----------------------------------------------------------------------------------

/tmp/phpnad8jpldq36rfBJkMaH is empty[39;22m

  at [32mtests/Feature/ChatRequestValidationTest.php[39m:[32m147[39m
    143▕         'prompt' => 'Analyze this file',
    144▕         'files' => [$file],
    145▕     ]);
    146▕ 
  ➜ 147▕     $response->assertOk();
    148▕ });
    149▕ 
    150▕ test('chat request accepts multiple valid files', function () {
    151▕     $files = [

  [31m────────────────────────────────────────────────────────────────────────────[39m  
  [41;1m FAILED [49;22m [1mTests\Feature\ChatRequestValidationTest[22m [90m>[39m update chat request val…   
[39;1m  Expected response status code [422] but received 302.
Failed asserting that 302 is identical to 422.[39;22m

  at [32mtests/Feature/ChatRequestValidationTest.php[39m:[32m199[39m
    195▕     $response = $this->patchJson("/chat/{$chat->id}", [
    196▕         'title' => str_repeat('a', 256),
    197▕     ]);
    198▕ 
  ➜ 199▕     $response->assertStatus(422);
    200▕     $response->assertJsonValidationErrors(['title']);
    201▕ });
    202▕ 
    203▕ test('update chat request validates title must be string', function (mixed $invalidTitle) {

  [31m────────────────────────────────────────────────────────────────────────────[39m  
  [41;1m FAILED [49;22m [1mTests\Feature\ChatRequestValidationTest[22m [90m>[39m update chat request acc…   
[39;1m  Expected response status code [200] but received 302.
Failed asserting that 302 is identical to 200.[39;22m

  at [32mtests/Feature/ChatRequestValidationTest.php[39m:[32m226[39m
    222▕     $response = $this->patchJson("/chat/{$chat->id}", [
    223▕         'title' => str_repeat('a', 255),
    224▕     ]);
    225▕ 
  ➜ 226▕     $response->assertOk();
    227▕ 
    228▕     $chat->refresh();
    229▕     expect($chat->title)->toHaveLength(255);
    230▕ });

  [31m────────────────────────────────────────────────────────────────────────────[39m  
  [41;1m FAILED [49;22m [1mTests\Feature\ErrorRecoveryTest[22m [90m>[39m handles missing storage directo…   
[39;1m  Failed asserting that an array contains 405.[39;22m

  at [32mtests/Feature/ErrorRecoveryTest.php[39m:[32m199[39m
    195▕ 
    196▕     /**
    197▕      * Should succeed or handle gracefully
    198▕      */
  ➜ 199▕     expect($response->getStatusCode())->toBeIn([200, 302, 500]);
    200▕ })->group('error-recovery');
    201▕ 
    202▕ /*
    203▕ |--------------------------------------------------------------------------

  [33m1   [39m[39;1mtests/Feature/ErrorRecoveryTest.php[39;22m:[39;1m199[39;22m

  [31m────────────────────────────────────────────────────────────────────────────[39m  
  [41;1m FAILED [49;22m [1mTests\Feature\ErrorRecoveryTest[22m [90m>[39m handles failed queue job gracef…   
[39;1m  The expected [App\Jobs\GenerateChatTitle] job was not pushed.
Failed asserting that false is true.[39;22m

  at [32mvendor/laravel/framework/src/Illuminate/Support/Testing/Fakes/QueueFake.php[39m:[32m111[39m
    107▕         if (is_numeric($callback)) {
    108▕             return $this->assertPushedTimes($job, $callback);
    109▕         }
    110▕ 
  ➜ 111▕         PHPUnit::assertTrue(
    112▕             $this->pushed($job, $callback)->count() > 0,
    113▕             "The expected [{$job}] job was not pushed."
    114▕         );
    115▕     }

      [2m+2 vendor frames [22m
  [33m3   [39m[39;1mtests/Feature/ErrorRecoveryTest.php[39;22m:[39;1m227[39;22m

  [31m────────────────────────────────────────────────────────────────────────────[39m  
  [41;1m FAILED [49;22m [1mTests\Feature\ErrorRecoveryTest[22m [90m>[39m retries failed jobs appropriate…   
[39;1m  The expected [App\Jobs\GenerateChatTitle] job was pushed 0 times instead of 1 time.
Failed asserting that 0 is identical to 1.[39;22m

  at [32mvendor/laravel/framework/src/Illuminate/Support/Testing/Fakes/QueueFake.php[39m:[32m128[39m
    124▕     protected function assertPushedTimes($job, $times = 1)
    125▕     {
    126▕         $count = $this->pushed($job)->count();
    127▕ 
  ➜ 128▕         PHPUnit::assertSame(
    129▕             $times, $count,
    130▕             sprintf(
    131▕                 "The expected [{$job}] job was pushed {$count} %s instead of {$times} %s.",
    132▕                 Str::plural('time', $count),

      [2m+3 vendor frames [22m
  [33m4   [39m[39;1mtests/Feature/ErrorRecoveryTest.php[39;22m:[39;1m243[39;22m

  [31m────────────────────────────────────────────────────────────────────────────[39m  
  [41;1m FAILED [49;22m [1mTests\Feature\ErrorRecoveryTest[22m [90m>[39m handles invalid csrf token         
[39;1m  Failed asserting that an array contains 405.[39;22m

  at [32mtests/Feature/ErrorRecoveryTest.php[39m:[32m343[39m
    339▕ 
    340▕     /**
    341▕      * Should handle gracefully (middleware disabled for test)
    342▕      */
  ➜ 343▕     expect($response->getStatusCode())->toBeIn([200, 302, 419]);
    344▕ })->group('error-recovery');
    345▕ 
    346▕ /*
    347▕ |--------------------------------------------------------------------------

  [33m1   [39m[39;1mtests/Feature/ErrorRecoveryTest.php[39;22m:[39;1m343[39;22m

  [31m────────────────────────────────────────────────────────────────────────────[39m  
  [41;1m FAILED [49;22m [1mTests\Feature\ErrorRecoveryTest[22m [90m>[39m handles invalid chat id format     
[39;1m  Expected response status code [422] but received 403.
Failed asserting that 403 is identical to 422.[39;22m

  at [32mtests/Feature/ErrorRecoveryTest.php[39m:[32m477[39m
    473▕ 
    474▕     /**
    475▕      * Should validate and reject
    476▕      */
  ➜ 477▕     $response->assertStatus(422);
    478▕ })->group('error-recovery');
    479▕

  [31m────────────────────────────────────────────────────────────────────────────[39m  
  [41;1m FAILED [49;22m [1mTests\Feature\IntegrationTest[22m [90m>[39m complete user journey: register t…   
[39;1m  Failed asserting that two strings are equal.
  [39;22m[31m-'http://localhost'[39m[39;1m
  [39;22m[32m+'http://localhost/chat'[39m[39;1m
  [39;22m

  at [32mtests/Feature/IntegrationTest.php[39m:[32m33[39m
     29▕         'password_confirmation' => 'password123',
     30▕     ];
     31▕ 
     32▕     $registerResponse = $this->post('/register', $userData);
  ➜  33▕     $registerResponse->assertRedirect('/');
     34▕ 
     35▕     $user = User::where('email', 'test@example.com')->first();
     36▕     expect($user)->not->toBeNull();
     37▕     expect($user->name)->toBe('Test User');

  [31m────────────────────────────────────────────────────────────────────────────[39m  
  [41;1m FAILED [49;22m [1mTests\Feature\IntegrationTest[22m [90m>[39m avatar upload and profile update…    
[39;1m  Expected response status code [201, 301, 302, 303, 307, 308] but received 405.
Failed asserting that false is true.[39;22m

  at [32mtests/Feature/IntegrationTest.php[39m:[32m255[39m
    251▕             'name' => 'Updated Name',
    252▕             'email' => 'original@example.com',
    253▕         ]);
    254▕ 
  ➜ 255▕     $profileResponse->assertRedirect();
    256▕ 
    257▕     $user->refresh();
    258▕     expect($user->name)->toBe('Updated Name');
    259▕

  [31m────────────────────────────────────────────────────────────────────────────[39m  
  [41;1m FAILED [49;22m [1mTests\Feature\IntegrationTest[22m [90m>[39m password change and re-authentica…   
[39;1m  Failed asserting that two strings are equal.
  [39;22m[31m-'http://localhost'[39m[39;1m
  [39;22m[32m+'http://localhost/chat'[39m[39;1m
  [39;22m

  at [32mtests/Feature/IntegrationTest.php[39m:[32m312[39m
    308▕         'email' => $user->email,
    309▕         'password' => 'oldpassword123',
    310▕     ]);
    311▕ 
  ➜ 312▕     $loginResponse->assertRedirect('/');
    313▕ 
    314▕     /**
    315▕      * Step 2: Change Password
    316▕      */

  [31m────────────────────────────────────────────────────────────────────────────[39m  
  [41;1m FAILED [49;22m [1mTests\Feature\IntegrationTest[22m [90m>[39m two-factor authentication complet…   
[39;1m  Expected response status code [201, 301, 302, 303, 307, 308] but received 405.
Failed asserting that false is true.[39;22m

  at [32mtests/Feature/IntegrationTest.php[39m:[32m362[39m
    358▕      */
    359▕     $enableResponse = $this->actingAs($user)
    360▕         ->post('/settings/two-factor-authentication');
    361▕ 
  ➜ 362▕     $enableResponse->assertRedirect();
    363▕ 
    364▕     $user->refresh();
    365▕     expect($user->two_factor_secret)->not->toBeNull();
    366▕

  [31m────────────────────────────────────────────────────────────────────────────[39m  
  [41;1m FAILED [49;22m [1mTests\Feature\ConcurrencyTest[22m [90m>[39m concurrent chat deletions are ide…   
[39;1m  Failed asserting that false is true.[39;22m

  at [32mtests/Feature/ConcurrencyTest.php[39m:[32m235[39m
    231▕      * All messages should be soft deleted
    232▕      */
    233▕     $deletedMessages = Message::withTrashed()->where('chat_id', $chatId)->get();
    234▕     foreach ($deletedMessages as $message) {
  ➜ 235▕         expect($message->trashed())->toBeTrue();
    236▕     }
    237▕ });
    238▕ 
    239▕ test('concurrent chat updates maintain consistency', function () {

  [33m1   [39m[39;1mtests/Feature/ConcurrencyTest.php[39;22m:[39;1m235[39;22m

  [31m────────────────────────────────────────────────────────────────────────────[39m  
  [41;1m FAILED [49;22m [1mTests\Feature\ConcurrencyTest[22m [90m>[39m concurrent queue job execution ma…   
[39;1m  The expected [App\Jobs\GenerateChatTitle] job was pushed 0 times instead of 3 times.
Failed asserting that 0 is identical to 3.[39;22m

  at [32mvendor/laravel/framework/src/Illuminate/Support/Testing/Fakes/QueueFake.php[39m:[32m128[39m
    124▕     protected function assertPushedTimes($job, $times = 1)
    125▕     {
    126▕         $count = $this->pushed($job)->count();
    127▕ 
  ➜ 128▕         PHPUnit::assertSame(
    129▕             $times, $count,
    130▕             sprintf(
    131▕                 "The expected [{$job}] job was pushed {$count} %s instead of {$times} %s.",
    132▕                 Str::plural('time', $count),

      [2m+3 vendor frames [22m
  [33m4   [39m[39;1mtests/Feature/ConcurrencyTest.php[39;22m:[39;1m406[39;22m

  [31m────────────────────────────────────────────────────────────────────────────[39m  
  [41;1m FAILED [49;22m [1mTests\Feature\RateLimitingTest[22m [90m>[39m chat stream enforces configured…    
[39;1m  Failed asserting that false is true.[39;22m

  at [32mtests/Feature/RateLimitingTest.php[39m:[32m59[39m
     55▕ 
     56▕     /**
     57▕      * Verify rate limit headers on blocked request
     58▕      */
  ➜  59▕     expect($blockedResponse->headers->has('X-RateLimit-Limit'))->toBeTrue();
     60▕     expect($blockedResponse->headers->get('X-RateLimit-Remaining'))->toBe('0');
     61▕ });
     62▕ 
     63▕ test('rate limit resets after time window', function () {

  [33m1   [39m[39;1mtests/Feature/RateLimitingTest.php[39;22m:[39;1m59[39;22m

  [31m────────────────────────────────────────────────────────────────────────────[39m  
  [41;1m FAILED [49;22m [1mTests\Feature\AvatarUploadTest[22m [90m>[39m it can disconnect social account    
[39;1m  Failed asserting that a row in the table [social_identities] matches the attributes {
    "id": 1,
    "user_id": 1,
    "provider": "github"
}.

Found similar results: [
    {
        "id": 1,
        "user_id": 1,
        "\"provider\"": "provider"
    }
].[39;22m

  at [32mtests/Feature/AvatarUploadTest.php[39m:[32m144[39m
    140▕ it('can disconnect social account', function () {
    141▕     $user = User::factory()->create();
    142▕     $socialIdentity = SocialIdentity::factory()->github()->create(['user_id' => $user->id]);
    143▕ 
  ➜ 144▕     assertDatabaseHas('social_identities', [
    145▕         'id' => $socialIdentity->id,
    146▕         'user_id' => $user->id,
    147▕         'provider' => 'github',
    148▕     ]);

  [31m────────────────────────────────────────────────────────────────────────────[39m  
  [41;1m FAILED [49;22m [1mTests\Feature\ChatAuthorizationTest[22m [90m>[39m users can delete their own…    
[39;1m  Failed asserting that false is true.[39;22m

  at [32mtests/Feature/ChatAuthorizationTest.php[39m:[32m134[39m
    130▕     /**
    131▕      * Verify messages are also soft deleted
    132▕      */
    133▕     foreach ($messages as $message) {
  ➜ 134▕         expect($message->fresh()->trashed())->toBeTrue();
    135▕     }
    136▕ });
    137▕ 
    138▕ test('deleting non-existent chat returns 404', function () {

  [33m1   [39m[39;1mtests/Feature/ChatAuthorizationTest.php[39;22m:[39;1m134[39;22m


  [90mTests:[39m    [31;1m33 failed[39;22m[90m,[39m[39m [39m[33;1m2 skipped[39;22m[90m,[39m[39m [39m[32;1m171 passed[39;22m[90m (563 assertions)[39m
  [90mDuration:[39m [39m12.70s[39m

[1A  [90mParallel:[39m [39m12 processes[39m

